Component: ARM Compiler 5.06 update 4 (build 422) Tool: armlink [4d35d2]

==============================================================================

Section Cross References

    stm32h7xx_hal.o(i.HAL_DeInit) refers to stm32h7xx_hal.o(i.HAL_MspDeInit) for HAL_MspDeInit
    stm32h7xx_hal.o(i.HAL_Delay) refers to stm32h7xx_hal.o(i.HAL_GetTick) for HAL_GetTick
    stm32h7xx_hal.o(i.HAL_Delay) refers to stm32h7xx_hal.o(.data) for uwTickFreq
    stm32h7xx_hal.o(i.HAL_GetTick) refers to stm32h7xx_hal.o(.data) for uwTick
    stm32h7xx_hal.o(i.HAL_GetTickFreq) refers to stm32h7xx_hal.o(.data) for uwTickFreq
    stm32h7xx_hal.o(i.HAL_GetTickPrio) refers to stm32h7xx_hal.o(.data) for uwTickPrio
    stm32h7xx_hal.o(i.HAL_IncTick) refers to stm32h7xx_hal.o(.data) for uwTick
    stm32h7xx_hal.o(i.HAL_Init) refers to stm32h7xx_hal_cortex.o(i.HAL_NVIC_SetPriorityGrouping) for HAL_NVIC_SetPriorityGrouping
    stm32h7xx_hal.o(i.HAL_Init) refers to stm32h7xx_hal_rcc.o(i.HAL_RCC_GetSysClockFreq) for HAL_RCC_GetSysClockFreq
    stm32h7xx_hal.o(i.HAL_Init) refers to stm32h7xx_hal.o(i.HAL_InitTick) for HAL_InitTick
    stm32h7xx_hal.o(i.HAL_Init) refers to sys.o(i.HAL_MspInit) for HAL_MspInit
    stm32h7xx_hal.o(i.HAL_Init) refers to system_stm32h7xx.o(.constdata) for D1CorePrescTable
    stm32h7xx_hal.o(i.HAL_Init) refers to system_stm32h7xx.o(.data) for SystemD2Clock
    stm32h7xx_hal.o(i.HAL_InitTick) refers to stm32h7xx_hal_cortex.o(i.HAL_SYSTICK_Config) for HAL_SYSTICK_Config
    stm32h7xx_hal.o(i.HAL_InitTick) refers to stm32h7xx_hal_cortex.o(i.HAL_NVIC_SetPriority) for HAL_NVIC_SetPriority
    stm32h7xx_hal.o(i.HAL_InitTick) refers to stm32h7xx_hal.o(.data) for uwTickFreq
    stm32h7xx_hal.o(i.HAL_InitTick) refers to system_stm32h7xx.o(.data) for SystemCoreClock
    stm32h7xx_hal.o(i.HAL_SYSCFG_EnableVREFBUF) refers to stm32h7xx_hal.o(i.HAL_GetTick) for HAL_GetTick
    stm32h7xx_hal.o(i.HAL_SetTickFreq) refers to stm32h7xx_hal.o(i.HAL_InitTick) for HAL_InitTick
    stm32h7xx_hal.o(i.HAL_SetTickFreq) refers to stm32h7xx_hal.o(.data) for uwTickFreq
    stm32h7xx_hal_cortex.o(i.HAL_NVIC_GetPriorityGrouping) refers to stm32h7xx_hal_cortex.o(i.__NVIC_GetPriorityGrouping) for __NVIC_GetPriorityGrouping
    stm32h7xx_hal_cortex.o(i.HAL_NVIC_SetPriority) refers to stm32h7xx_hal_cortex.o(i.__NVIC_GetPriorityGrouping) for __NVIC_GetPriorityGrouping
    stm32h7xx_hal_cortex.o(i.HAL_NVIC_SetPriority) refers to stm32h7xx_hal_cortex.o(i.__NVIC_SetPriority) for __NVIC_SetPriority
    stm32h7xx_hal_cortex.o(i.HAL_SYSTICK_Config) refers to stm32h7xx_hal_cortex.o(i.__NVIC_SetPriority) for __NVIC_SetPriority
    stm32h7xx_hal_cortex.o(i.HAL_SYSTICK_IRQHandler) refers to stm32h7xx_hal_cortex.o(i.HAL_SYSTICK_Callback) for HAL_SYSTICK_Callback
    stm32h7xx_hal_dma.o(i.DMA_CalcBaseAndBitshift) refers to stm32h7xx_hal_dma.o(.constdata) for flagBitshiftOffset
    stm32h7xx_hal_dma.o(i.HAL_DMA_Abort) refers to stm32h7xx_hal.o(i.HAL_GetTick) for HAL_GetTick
    stm32h7xx_hal_dma.o(i.HAL_DMA_DeInit) refers to stm32h7xx_hal_dma.o(i.DMA_CalcBaseAndBitshift) for DMA_CalcBaseAndBitshift
    stm32h7xx_hal_dma.o(i.HAL_DMA_DeInit) refers to stm32h7xx_hal_dma.o(i.DMA_CalcDMAMUXChannelBaseAndMask) for DMA_CalcDMAMUXChannelBaseAndMask
    stm32h7xx_hal_dma.o(i.HAL_DMA_DeInit) refers to stm32h7xx_hal_dma.o(i.DMA_CalcDMAMUXRequestGenBaseAndMask) for DMA_CalcDMAMUXRequestGenBaseAndMask
    stm32h7xx_hal_dma.o(i.HAL_DMA_IRQHandler) refers to system_stm32h7xx.o(.data) for SystemCoreClock
    stm32h7xx_hal_dma.o(i.HAL_DMA_Init) refers to stm32h7xx_hal.o(i.HAL_GetTick) for HAL_GetTick
    stm32h7xx_hal_dma.o(i.HAL_DMA_Init) refers to stm32h7xx_hal_dma.o(i.DMA_CheckFifoParam) for DMA_CheckFifoParam
    stm32h7xx_hal_dma.o(i.HAL_DMA_Init) refers to stm32h7xx_hal_dma.o(i.DMA_CalcBaseAndBitshift) for DMA_CalcBaseAndBitshift
    stm32h7xx_hal_dma.o(i.HAL_DMA_Init) refers to stm32h7xx_hal_dma.o(i.DMA_CalcDMAMUXChannelBaseAndMask) for DMA_CalcDMAMUXChannelBaseAndMask
    stm32h7xx_hal_dma.o(i.HAL_DMA_Init) refers to stm32h7xx_hal_dma.o(i.DMA_CalcDMAMUXRequestGenBaseAndMask) for DMA_CalcDMAMUXRequestGenBaseAndMask
    stm32h7xx_hal_dma.o(i.HAL_DMA_PollForTransfer) refers to stm32h7xx_hal.o(i.HAL_GetTick) for HAL_GetTick
    stm32h7xx_hal_dma.o(i.HAL_DMA_PollForTransfer) refers to stm32h7xx_hal_dma.o(i.HAL_DMA_Abort) for HAL_DMA_Abort
    stm32h7xx_hal_dma.o(i.HAL_DMA_Start) refers to stm32h7xx_hal_dma.o(i.DMA_SetConfig) for DMA_SetConfig
    stm32h7xx_hal_dma.o(i.HAL_DMA_Start_IT) refers to stm32h7xx_hal_dma.o(i.DMA_SetConfig) for DMA_SetConfig
    stm32h7xx_hal_dma_ex.o(i.HAL_DMAEx_MultiBufferStart) refers to stm32h7xx_hal_dma_ex.o(i.DMA_MultiBufferSetConfig) for DMA_MultiBufferSetConfig
    stm32h7xx_hal_dma_ex.o(i.HAL_DMAEx_MultiBufferStart_IT) refers to stm32h7xx_hal_dma_ex.o(i.DMA_MultiBufferSetConfig) for DMA_MultiBufferSetConfig
[...]
    .ARM.Collect$$libinit$$00000016          0x080003b4   Section       10  libinit2.o(.ARM.Collect$$libinit$$00000016)
    .ARM.Collect$$libinit$$00000017          0x080003be   Section        0  libinit2.o(.ARM.Collect$$libinit$$00000017)
    .ARM.Collect$$libinit$$00000019          0x080003be   Section        0  libinit2.o(.ARM.Collect$$libinit$$00000019)
    .ARM.Collect$$libinit$$0000001B          0x080003be   Section        0  libinit2.o(.ARM.Collect$$libinit$$0000001B)
    .ARM.Collect$$libinit$$0000001D          0x080003be   Section        0  libinit2.o(.ARM.Collect$$libinit$$0000001D)
    .ARM.Collect$$libinit$$0000001F          0x080003be   Section        0  libinit2.o(.ARM.Collect$$libinit$$0000001F)
    .ARM.Collect$$libinit$$00000021          0x080003be   Section        0  libinit2.o(.ARM.Collect$$libinit$$00000021)
    .ARM.Collect$$libinit$$00000023          0x080003be   Section        0  libinit2.o(.ARM.Collect$$libinit$$00000023)
    .ARM.Collect$$libinit$$00000025          0x080003be   Section        0  libinit2.o(.ARM.Collect$$libinit$$00000025)
    .ARM.Collect$$libinit$$0000002C          0x080003be   Section        0  libinit2.o(.ARM.Collect$$libinit$$0000002C)
    .ARM.Collect$$libinit$$0000002E          0x080003be   Section        0  libinit2.o(.ARM.Collect$$libinit$$0000002E)
    .ARM.Collect$$libinit$$00000030          0x080003be   Section        0  libinit2.o(.ARM.Collect$$libinit$$00000030)
    .ARM.Collect$$libinit$$00000032          0x080003be   Section        0  libinit2.o(.ARM.Collect$$libinit$$00000032)
    .ARM.Collect$$libinit$$00000033          0x080003be   Section        2  libinit2.o(.ARM.Collect$$libinit$$00000033)
    .ARM.Collect$$libshutdown$$00000000      0x080003c0   Section        2  libshutdown.o(.ARM.Collect$$libshutdown$$00000000)
    .ARM.Collect$$libshutdown$$00000002      0x080003c2   Section        0  libshutdown2.o(.ARM.Collect$$libshutdown$$00000002)
    .ARM.Collect$$libshutdown$$00000004      0x080003c2   Section        0  libshutdown2.o(.ARM.Collect$$libshutdown$$00000004)
    .ARM.Collect$$libshutdown$$00000007      0x080003c2   Section        0  libshutdown2.o(.ARM.Collect$$libshutdown$$00000007)
    .ARM.Collect$$libshutdown$$0000000A      0x080003c2   Section        0  libshutdown2.o(.ARM.Collect$$libshutdown$$0000000A)
    .ARM.Collect$$libshutdown$$0000000C      0x080003c2   Section        0  libshutdown2.o(.ARM.Collect$$libshutdown$$0000000C)
    .ARM.Collect$$libshutdown$$0000000F      0x080003c2   Section        0  libshutdown2.o(.ARM.Collect$$libshutdown$$0000000F)
    .ARM.Collect$$libshutdown$$00000010      0x080003c2   Section        2  libshutdown2.o(.ARM.Collect$$libshutdown$$00000010)
    .ARM.Collect$$rtentry$$00000000          0x080003c4   Section        0  __rtentry.o(.ARM.Collect$$rtentry$$00000000)
    .ARM.Collect$$rtentry$$00000002          0x080003c4   Section        0  __rtentry2.o(.ARM.Collect$$rtentry$$00000002)
    .ARM.Collect$$rtentry$$00000004          0x080003c4   Section        6  __rtentry4.o(.ARM.Collect$$rtentry$$00000004)
    .ARM.Collect$$rtentry$$00000009          0x080003ca   Section        0  __rtentry2.o(.ARM.Collect$$rtentry$$00000009)
    .ARM.Collect$$rtentry$$0000000A          0x080003ca   Section        4  __rtentry2.o(.ARM.Collect$$rtentry$$0000000A)
    .ARM.Collect$$rtentry$$0000000C          0x080003ce   Section        0  __rtentry2.o(.ARM.Collect$$rtentry$$0000000C)
    .ARM.Collect$$rtentry$$0000000D          0x080003ce   Section        8  __rtentry2.o(.ARM.Collect$$rtentry$$0000000D)
    .ARM.Collect$$rtexit$$00000000           0x080003d6   Section        2  rtexit.o(.ARM.Collect$$rtexit$$00000000)
    .ARM.Collect$$rtexit$$00000002           0x080003d8   Section        0  rtexit2.o(.ARM.Collect$$rtexit$$00000002)
    .ARM.Collect$$rtexit$$00000003           0x080003d8   Section        4  rtexit2.o(.ARM.Collect$$rtexit$$00000003)
    .ARM.Collect$$rtexit$$00000004           0x080003dc   Section        6  rtexit2.o(.ARM.Collect$$rtexit$$00000004)
    .text                                    0x080003e4   Section       64  startup_stm32h750xx.o(.text)
    $v0                                      0x080003e4   Number         0  startup_stm32h750xx.o(.text)
    .text                                    0x08000424   Section      238  lludivv7m.o(.text)
    .text                                    0x08000514   Section        0  vsprintf.o(.text)
    .text                                    0x08000538   Section        0  strlen.o(.text)
    .text                                    0x08000576   Section       78  rt_memclr_w.o(.text)
    .text                                    0x080005c4   Section        0  heapauxi.o(.text)
    .text                                    0x080005ca   Section        0  _printf_pad.o(.text)
    .text                                    0x08000618   Section        0  _printf_truncate.o(.text)
    .text                                    0x0800063c   Section        0  _printf_str.o(.text)
    .text                                    0x08000690   Section        0  _printf_dec.o(.text)
    .text                                    0x08000708   Section        0  _printf_charcount.o(.text)
    .text                                    0x08000730   Section        0  _printf_char_common.o(.text)
    _printf_input_char                       0x08000731   Thumb Code    10  _printf_char_common.o(.text)
    .text                                    0x08000760   Section        0  _sputc.o(.text)
    .text                                    0x0800076c   Section        0  _printf_wctomb.o(.text)
    .text                                    0x08000828   Section        0  _printf_longlong_dec.o(.text)
    .text                                    0x080008a4   Section        0  _printf_oct_int_ll.o(.text)
    _printf_longlong_oct_internal            0x080008a5   Thumb Code     0  _printf_oct_int_ll.o(.text)
    .text                                    0x08000914   Section        0  _printf_hex_int_ll_ptr.o(.text)
    _printf_hex_common                       0x08000915   Thumb Code     0  _printf_hex_int_ll_ptr.o(.text)
    .text                                    0x080009a8   Section        0  __printf_flags_ss_wp.o(.text)
    .text                                    0x08000b30   Section      138  lludiv10.o(.text)
    .text                                    0x08000bba   Section        0  _printf_intcommon.o(.text)
    .text                                    0x08000c6c   Section        0  _printf_fp_dec.o(.text)
    _fp_digits                               0x08000c6f   Thumb Code   428  _printf_fp_dec.o(.text)
    .text                                    0x08001088   Section        0  _printf_fp_hex.o(.text)
    .text                                    0x08001384   Section        0  _printf_char.o(.text)
    .text                                    0x080013b0   Section        0  _printf_wchar.o(.text)
    .text                                    0x080013dc   Section        0  _wcrtomb.o(.text)
    .text                                    0x0800141c   Section       74  sys_stackheap_outer.o(.text)
    .text                                    0x08001468   Section       16  rt_ctype_table.o(.text)
    .text                                    0x08001478   Section        8  rt_locale_intlibspace.o(.text)
    .text                                    0x08001480   Section        0  _printf_fp_infnan.o(.text)
    .text                                    0x08001500   Section        0  bigflt0.o(.text)
    .text                                    0x080015dc   Section        0  exit.o(.text)
    .text                                    0x080015f0   Section        8  libspace.o(.text)
    .text                                    0x080015f8   Section      104  strcmpv7m_pel.o(.text)
    .text                                    0x08001660   Section        0  sys_exit.o(.text)
    .text                                    0x0800166c   Section        2  use_no_semi.o(.text)
    .text                                    0x0800166e   Section        0  indicate_semi.o(.text)
    CL$$btod_d2e                             0x0800166e   Section       62  btod.o(CL$$btod_d2e)
    CL$$btod_d2e_denorm_low                  0x080016ac   Section       70  btod.o(CL$$btod_d2e_denorm_low)
    CL$$btod_d2e_norm_op1                    0x080016f2   Section       96  btod.o(CL$$btod_d2e_norm_op1)
    CL$$btod_div_common                      0x08001752   Section      824  btod.o(CL$$btod_div_common)
    CL$$btod_e2e                             0x08001a8a   Section      198  btod.o(CL$$btod_e2e)
    CL$$btod_ediv                            0x08001b50   Section       40  btod.o(CL$$btod_ediv)
    CL$$btod_emul                            0x08001b78   Section       40  btod.o(CL$$btod_emul)
    CL$$btod_mult_common                     0x08001ba0   Section      580  btod.o(CL$$btod_mult_common)
    i.BusFault_Handler                       0x08001de4   Section        0  stm32h7xx_it.o(i.BusFault_Handler)
    i.DebugMon_Handler                       0x08001de8   Section        0  stm32h7xx_it.o(i.DebugMon_Handler)
    i.Error_Handler                          0x08001dea   Section        0  sys.o(i.Error_Handler)
    i.HAL_Delay                              0x08001df0   Section        0  stm32h7xx_hal.o(i.HAL_Delay)
    i.HAL_GPIO_Init                          0x08001e18   Section        0  stm32h7xx_hal_gpio.o(i.HAL_GPIO_Init)
    i.HAL_GPIO_WritePin                      0x08002020   Section        0  stm32h7xx_hal_gpio.o(i.HAL_GPIO_WritePin)
    i.HAL_GetREVID                           0x0800202c   Section        0  stm32h7xx_hal.o(i.HAL_GetREVID)
    i.HAL_GetTick                            0x08002038   Section        0  stm32h7xx_hal.o(i.HAL_GetTick)
    i.HAL_IncTick                            0x08002044   Section        0  stm32h7xx_hal.o(i.HAL_IncTick)
    i.HAL_Init                               0x0800205c   Section        0  stm32h7xx_hal.o(i.HAL_Init)
    i.HAL_InitTick                           0x080020bc   Section        0  stm32h7xx_hal.o(i.HAL_InitTick)
    i.HAL_MspInit                            0x08002114   Section        0  sys.o(i.HAL_MspInit)
    i.HAL_NVIC_SetPriority                   0x08002138   Section        0  stm32h7xx_hal_cortex.o(i.HAL_NVIC_SetPriority)
    i.HAL_NVIC_SetPriorityGrouping           0x080021b4   Section        0  stm32h7xx_hal_cortex.o(i.HAL_NVIC_SetPriorityGrouping)
    i.HAL_PWREx_ConfigSupply                 0x080021dc   Section        0  stm32h7xx_hal_pwr_ex.o(i.HAL_PWREx_ConfigSupply)
    i.HAL_RCCEx_GetD3PCLK1Freq               0x0800223c   Section        0  stm32h7xx_hal_rcc_ex.o(i.HAL_RCCEx_GetD3PCLK1Freq)
    i.HAL_RCCEx_GetPLL2ClockFreq             0x08002260   Section        0  stm32h7xx_hal_rcc_ex.o(i.HAL_RCCEx_GetPLL2ClockFreq)
    i.HAL_RCCEx_GetPLL3ClockFreq             0x08002490   Section        0  stm32h7xx_hal_rcc_ex.o(i.HAL_RCCEx_GetPLL3ClockFreq)
    i.HAL_RCCEx_PeriphCLKConfig              0x080026c0   Section        0  stm32h7xx_hal_rcc_ex.o(i.HAL_RCCEx_PeriphCLKConfig)
    i.HAL_RCC_ClockConfig                    0x080031e0   Section        0  stm32h7xx_hal_rcc.o(i.HAL_RCC_ClockConfig)
    i.HAL_RCC_GetHCLKFreq                    0x08003500   Section        0  stm32h7xx_hal_rcc.o(i.HAL_RCC_GetHCLKFreq)
    i.HAL_RCC_GetPCLK1Freq                   0x0800354c   Section        0  stm32h7xx_hal_rcc.o(i.HAL_RCC_GetPCLK1Freq)
    i.HAL_RCC_GetPCLK2Freq                   0x08003570   Section        0  stm32h7xx_hal_rcc.o(i.HAL_RCC_GetPCLK2Freq)
    i.HAL_RCC_GetSysClockFreq                0x08003594   Section        0  stm32h7xx_hal_rcc.o(i.HAL_RCC_GetSysClockFreq)
    i.HAL_RCC_OscConfig                      0x080037c0   Section        0  stm32h7xx_hal_rcc.o(i.HAL_RCC_OscConfig)
    i.HAL_SYSTICK_Config                     0x08003f38   Section        0  stm32h7xx_hal_cortex.o(i.HAL_SYSTICK_Config)
    i.HAL_UARTEx_DisableFifoMode             0x08003f6c   Section        0  stm32h7xx_hal_uart_ex.o(i.HAL_UARTEx_DisableFifoMode)
    i.HAL_UARTEx_SetRxFifoThreshold          0x08003fba   Section        0  stm32h7xx_hal_uart_ex.o(i.HAL_UARTEx_SetRxFifoThreshold)
    i.HAL_UARTEx_SetTxFifoThreshold          0x08004018   Section        0  stm32h7xx_hal_uart_ex.o(i.HAL_UARTEx_SetTxFifoThreshold)
    i.HAL_UART_Init                          0x08004076   Section        0  stm32h7xx_hal_uart.o(i.HAL_UART_Init)
    i.HAL_UART_MspInit                       0x080040f0   Section        0  uart.o(i.HAL_UART_MspInit)
    i.HAL_UART_Transmit                      0x08004170   Section        0  stm32h7xx_hal_uart.o(i.HAL_UART_Transmit)
    i.HardFault_Handler                      0x08004244   Section        0  stm32h7xx_it.o(i.HardFault_Handler)
    i.MemManage_Handler                      0x08004248   Section        0  stm32h7xx_it.o(i.MemManage_Handler)
    i.NMI_Handler                            0x0800424c   Section        0  stm32h7xx_it.o(i.NMI_Handler)
    i.PendSV_Handler                         0x0800424e   Section        0  stm32h7xx_it.o(i.PendSV_Handler)
    i.RCCEx_PLL2_Config                      0x08004250   Section        0  stm32h7xx_hal_rcc_ex.o(i.RCCEx_PLL2_Config)
    RCCEx_PLL2_Config                        0x08004251   Thumb Code   350  stm32h7xx_hal_rcc_ex.o(i.RCCEx_PLL2_Config)
    i.RCCEx_PLL3_Config                      0x080043b4   Section        0  stm32h7xx_hal_rcc_ex.o(i.RCCEx_PLL3_Config)
    RCCEx_PLL3_Config                        0x080043b5   Thumb Code   350  stm32h7xx_hal_rcc_ex.o(i.RCCEx_PLL3_Config)
    i.SVC_Handler                            0x08004518   Section        0  stm32h7xx_it.o(i.SVC_Handler)
    i.SysTick_Handler                        0x0800451a   Section        0  stm32h7xx_it.o(i.SysTick_Handler)
    i.SystemClock_Config                     0x08004524   Section        0  sys.o(i.SystemClock_Config)
    i.SystemInit                             0x08004614   Section        0  system_stm32h7xx.o(i.SystemInit)
    i.UARTEx_SetNbDataToProcess              0x080046bc   Section        0  stm32h7xx_hal_uart_ex.o(i.UARTEx_SetNbDataToProcess)
    UARTEx_SetNbDataToProcess                0x080046bd   Thumb Code    94  stm32h7xx_hal_uart_ex.o(i.UARTEx_SetNbDataToProcess)
    i.UART_AdvFeatureConfig                  0x0800472c   Section        0  stm32h7xx_hal_uart.o(i.UART_AdvFeatureConfig)
    i.UART_CheckIdleState                    0x08004824   Section        0  stm32h7xx_hal_uart.o(i.UART_CheckIdleState)
    i.UART_SetConfig                         0x08004898   Section        0  stm32h7xx_hal_uart.o(i.UART_SetConfig)
    i.UART_WaitOnFlagUntilTimeout            0x08005f88   Section        0  stm32h7xx_hal_uart.o(i.UART_WaitOnFlagUntilTimeout)
    i.UsageFault_Handler                     0x08006046   Section        0  stm32h7xx_it.o(i.UsageFault_Handler)
    i.__ARM_fpclassify                       0x0800604a   Section        0  fpclassify.o(i.__ARM_fpclassify)
    i.__NVIC_GetPriorityGrouping             0x0800607c   Section        0  stm32h7xx_hal_cortex.o(i.__NVIC_GetPriorityGrouping)
    __NVIC_GetPriorityGrouping               0x0800607d   Thumb Code    10  stm32h7xx_hal_cortex.o(i.__NVIC_GetPriorityGrouping)
    i.__NVIC_SetPriority                     0x0800608c   Section        0  stm32h7xx_hal_cortex.o(i.__NVIC_SetPriority)
    __NVIC_SetPriority                       0x0800608d   Thumb Code    32  stm32h7xx_hal_cortex.o(i.__NVIC_SetPriority)
    i._is_digit                              0x080060b4   Section        0  __printf_wp.o(i._is_digit)
    i.bsp_init                               0x080060c2   Section        0  bsp.o(i.bsp_init)
    i.led_init                               0x080060d4   Section        0  led.o(i.led_init)
    i.led_off                                0x0800615c   Section        0  led.o(i.led_off)
    i.led_on                                 0x08006178   Section        0  led.o(i.led_on)
    i.main                                   0x08006194   Section        0  main.o(i.main)
    i.uart_init                              0x080061dc   Section        0  uart.o(i.uart_init)
    i.print                                 0x08006248   Section        0  uart.o(i.print)
    locale$$code                             0x08006284   Section       44  lc_numeric_c.o(locale$$code)
    locale$$code                             0x080062b0   Section       44  lc_ctype_c.o(locale$$code)
    x$fpl$fpinit                             0x080062dc   Section       10  fpinit.o(x$fpl$fpinit)
    $v0                                      0x080062dc   Number         0  fpinit.o(x$fpl$fpinit)
    x$fpl$printf1                            0x080062e6   Section        4  printf1.o(x$fpl$printf1)
    $v0                                      0x080062e6   Number         0  printf1.o(x$fpl$printf1)
    x$fpl$printf2                            0x080062ea   Section        4  printf2.o(x$fpl$printf2)
    $v0                                      0x080062ea   Number         0  printf2.o(x$fpl$printf2)
    .constdata                               0x080062ee   Section       16  system_stm32h7xx.o(.constdata)
    x$fpl$usenofp                            0x080062ee   Section        0  usenofp.o(x$fpl$usenofp)
    .constdata                               0x08006300   Section        8  _printf_wctomb.o(.constdata)
    initial_mbstate                          0x08006300   Data           8  _printf_wctomb.o(.constdata)
    .constdata                               0x08006308   Section       40  _printf_hex_int_ll_ptr.o(.constdata)
    uc_hextab                                0x08006308   Data          20  _printf_hex_int_ll_ptr.o(.constdata)
    lc_hextab                                0x0800631c   Data          20  _printf_hex_int_ll_ptr.o(.constdata)
    .constdata                               0x08006330   Section       17  __printf_flags_ss_wp.o(.constdata)
    maptable                                 0x08006330   Data          17  __printf_flags_ss_wp.o(.constdata)
    .constdata                               0x08006341   Section       38  _printf_fp_hex.o(.constdata)
    lc_hextab                                0x08006341   Data          19  _printf_fp_hex.o(.constdata)
    uc_hextab                                0x08006354   Data          19  _printf_fp_hex.o(.constdata)
    .constdata                               0x08006368   Section      148  bigflt0.o(.constdata)
    tenpwrs_x                                0x08006368   Data          60  bigflt0.o(.constdata)
    tenpwrs_i                                0x080063a4   Data          64  bigflt0.o(.constdata)
    locale$$data                             0x0800641c   Section       28  lc_numeric_c.o(locale$$data)
    __lcnum_c_name                           0x08006420   Data           2  lc_numeric_c.o(locale$$data)
    __lcnum_c_start                          0x08006428   Data           0  lc_numeric_c.o(locale$$data)
    __lcnum_c_point                          0x08006434   Data           0  lc_numeric_c.o(locale$$data)
    __lcnum_c_thousands                      0x08006436   Data           0  lc_numeric_c.o(locale$$data)
    __lcnum_c_grouping                       0x08006437   Data           0  lc_numeric_c.o(locale$$data)
    locale$$data                             0x08006438   Section      272  lc_ctype_c.o(locale$$data)
    __lcnum_c_end                            0x08006438   Data           0  lc_numeric_c.o(locale$$data)
    __lcctype_c_name                         0x0800643c   Data           2  lc_ctype_c.o(locale$$data)
    __lcctype_c_start                        0x08006444   Data           0  lc_ctype_c.o(locale$$data)
    __lcctype_c_end                          0x08006548   Data           0  lc_ctype_c.o(locale$$data)
    .data                                    0x24000000   Section        9  stm32h7xx_hal.o(.data)
    .data                                    0x2400000c   Section        8  system_stm32h7xx.o(.data)
    .bss                                     0x24000014   Section      140  uart.o(.bss)
    .bss                                     0x240000a0   Section       96  libspace.o(.bss)
    HEAP                                     0x24000100   Section      512  startup_stm32h750xx.o(HEAP)
    Heap_Mem                                 0x24000100   Data         512  startup_stm32h750xx.o(HEAP)
    STACK                                    0x24000300   Section     1024  startup_stm32h750xx.o(STACK)
    Stack_Mem                                0x24000300   Data        1024  startup_stm32h750xx.o(STACK)
    __initial_sp                             0x24000700   Data           0  startup_stm32h750xx.o(STACK)

    Global Symbols

    Symbol Name                              Value     Ov Type        Size  Object(Section)

    BuildAttributes$$THM_ISAv4$E$P$D$K$B$S$7EM$VFPv5_D16$PE$PLD8$A:L22UL41UL21$X:L11$S22US41US21$IEEE1$IW$USESV6$~STKCKD$USESV7$~SHL$OTIME$ROPI$IEEEJ$EBA8$UX$STANDARDLIB$REQ8$PRES8$EABIv2 0x00000000   Number         0  anon$$obj.o ABSOLUTE
    __ARM_use_no_argv                        0x00000000   Number         0  main.o ABSOLUTE
    _printf_flags                            0x00000000   Number         0  printf_stubs.o ABSOLUTE
    _printf_return_value                     0x00000000   Number         0  printf_stubs.o ABSOLUTE
    _printf_sizespec                         0x00000000   Number         0  printf_stubs.o ABSOLUTE
    _printf_widthprec                        0x00000000   Number         0  printf_stubs.o ABSOLUTE
    __ARM_exceptions_init                     - Undefined Weak Reference
    __alloca_initialize                       - Undefined Weak Reference
    __arm_preinit_                            - Undefined Weak Reference
    __cpp_initialize__aeabi_                  - Undefined Weak Reference
    __cxa_finalize                            - Undefined Weak Reference
    __sigvec_lookup                           - Undefined Weak Reference
    _atexit_init                              - Undefined Weak Reference
    _call_atexit_fns                          - Undefined Weak Reference
    _clock_init                               - Undefined Weak Reference
    _fp_trap_init                             - Undefined Weak Reference
    _fp_trap_shutdown                         - Undefined Weak Reference
    _get_lc_collate                           - Undefined Weak Reference
    _get_lc_monetary                          - Undefined Weak Reference
    _get_lc_time                              - Undefined Weak Reference
    _getenv_init                              - Undefined Weak Reference
    _handle_redirection                       - Undefined Weak Reference
    _init_alloc                               - Undefined Weak Reference
    _init_user_alloc                          - Undefined Weak Reference
    _initio                                   - Undefined Weak Reference
    _printf_mbtowc                            - Undefined Weak Reference
    _printf_wc                                - Undefined Weak Reference
    _rand_init                                - Undefined Weak Reference
    _signal_finish                            - Undefined Weak Reference
    _signal_init                              - Undefined Weak Reference
    _terminate_alloc                          - Undefined Weak Reference
    _terminate_user_alloc                     - Undefined Weak Reference
    _terminateio                              - Undefined Weak Reference
    __Vectors_Size                           0x00000298   Number         0  startup_stm32h750xx.o ABSOLUTE
    __Vectors                                0x08000000   Data           4  startup_stm32h750xx.o(RESET)
    __Vectors_End                            0x08000298   Data           0  startup_stm32h750xx.o(RESET)
    __main                                   0x08000299   Thumb Code     8  __main.o(!!!main)
    __scatterload                            0x080002a1   Thumb Code     0  __scatter.o(!!!scatter)
    __scatterload_rt2                        0x080002a1   Thumb Code    44  __scatter.o(!!!scatter)
    __scatterload_rt2_thumb_only             0x080002a1   Thumb Code     0  __scatter.o(!!!scatter)
    __scatterload_null                       0x080002af   Thumb Code     0  __scatter.o(!!!scatter)
    __scatterload_copy                       0x080002d5   Thumb Code    26  __scatter_copy.o(!!handler_copy)
    __scatterload_zeroinit                   0x080002f1   Thumb Code    28  __scatter_zi.o(!!handler_zi)
    _printf_n                                0x0800030d   Thumb Code     0  _printf_n.o(.ARM.Collect$$_printf_percent$$00000001)
    _printf_percent                          0x0800030d   Thumb Code     0  _printf_percent.o(.ARM.Collect$$_printf_percent$$00000000)
    _printf_p                                0x08000313   Thumb Code     0  _printf_p.o(.ARM.Collect$$_printf_percent$$00000002)
    _printf_f                                0x08000319   Thumb Code     0  _printf_f.o(.ARM.Collect$$_printf_percent$$00000003)
    _printf_e                                0x0800031f   Thumb Code     0  _printf_e.o(.ARM.Collect$$_printf_percent$$00000004)
    _printf_g                                0x08000325   Thumb Code     0  _printf_g.o(.ARM.Collect$$_printf_percent$$00000005)
    _printf_a                                0x0800032b   Thumb Code     0  _printf_a.o(.ARM.Collect$$_printf_percent$$00000006)
    _printf_ll                               0x08000331   Thumb Code     0  _printf_ll.o(.ARM.Collect$$_printf_percent$$00000007)
    _printf_i                                0x0800033b   Thumb Code     0  _printf_i.o(.ARM.Collect$$_printf_percent$$00000008)
    _printf_d                                0x08000341   Thumb Code     0  _printf_d.o(.ARM.Collect$$_printf_percent$$00000009)
    _printf_u                                0x08000347   Thumb Code     0  _printf_u.o(.ARM.Collect$$_printf_percent$$0000000A)
    _printf_o                                0x0800034d   Thumb Code     0  _printf_o.o(.ARM.Collect$$_printf_percent$$0000000B)
    _printf_x                                0x08000353   Thumb Code     0  _printf_x.o(.ARM.Collect$$_printf_percent$$0000000C)
    _printf_lli                              0x08000359   Thumb Code     0  _printf_lli.o(.ARM.Collect$$_printf_percent$$0000000D)
    _printf_lld                              0x0800035f   Thumb Code     0  _printf_lld.o(.ARM.Collect$$_printf_percent$$0000000E)
    _printf_llu                              0x08000365   Thumb Code     0  _printf_llu.o(.ARM.Collect$$_printf_percent$$0000000F)
    _printf_llo                              0x0800036b   Thumb Code     0  _printf_llo.o(.ARM.Collect$$_printf_percent$$00000010)
    _printf_llx                              0x08000371   Thumb Code     0  _printf_llx.o(.ARM.Collect$$_printf_percent$$00000011)
    _printf_l                                0x08000377   Thumb Code     0  _printf_l.o(.ARM.Collect$$_printf_percent$$00000012)
    _printf_c                                0x08000381   Thumb Code     0  _printf_c.o(.ARM.Collect$$_printf_percent$$00000013)
    _printf_s                                0x08000387   Thumb Code     0  _printf_s.o(.ARM.Collect$$_printf_percent$$00000014)
    _printf_lc                               0x0800038d   Thumb Code     0  _printf_lc.o(.ARM.Collect$$_printf_percent$$00000015)
    _printf_ls                               0x08000393   Thumb Code     0  _printf_ls.o(.ARM.Collect$$_printf_percent$$00000016)
    _printf_percent_end                      0x08000399   Thumb Code     0  _printf_percent_end.o(.ARM.Collect$$_printf_percent$$00000017)
    __rt_lib_init                            0x0800039d   Thumb Code     0  libinit.o(.ARM.Collect$$libinit$$00000000)
    __rt_lib_init_fp_1                       0x0800039f   Thumb Code     0  libinit2.o(.ARM.Collect$$libinit$$00000001)
    __rt_lib_init_heap_1                     0x080003a3   Thumb Code     0  libinit2.o(.ARM.Collect$$libinit$$0000000A)
    __rt_lib_init_lc_common                  0x080003a3   Thumb Code     0  libinit2.o(.ARM.Collect$$libinit$$0000000F)
    __rt_lib_init_preinit_1                  0x080003a3   Thumb Code     0  libinit2.o(.ARM.Collect$$libinit$$00000004)
    __rt_lib_init_rand_1                     0x080003a3   Thumb Code     0  libinit2.o(.ARM.Collect$$libinit$$0000000E)
    __rt_lib_init_user_alloc_1               0x080003a3   Thumb Code     0  libinit2.o(.ARM.Collect$$libinit$$0000000C)
    __rt_lib_init_lc_collate_1               0x080003a9   Thumb Code     0  libinit2.o(.ARM.Collect$$libinit$$00000011)
    __rt_lib_init_lc_ctype_2                 0x080003a9   Thumb Code     0  libinit2.o(.ARM.Collect$$libinit$$00000012)
    __rt_lib_init_lc_ctype_1                 0x080003b5   Thumb Code     0  libinit2.o(.ARM.Collect$$libinit$$00000013)
    __rt_lib_init_lc_monetary_1              0x080003b5   Thumb Code     0  libinit2.o(.ARM.Collect$$libinit$$00000015)
    __rt_lib_init_lc_numeric_2               0x080003b5   Thumb Code     0  libinit2.o(.ARM.Collect$$libinit$$00000016)
    __rt_lib_init_alloca_1                   0x080003bf   Thumb Code     0  libinit2.o(.ARM.Collect$$libinit$$0000002E)
    __rt_lib_init_argv_1                     0x080003bf   Thumb Code     0  libinit2.o(.ARM.Collect$$libinit$$0000002C)
    __rt_lib_init_atexit_1                   0x080003bf   Thumb Code     0  libinit2.o(.ARM.Collect$$libinit$$0000001B)
    __rt_lib_init_clock_1                    0x080003bf   Thumb Code     0  libinit2.o(.ARM.Collect$$libinit$$00000021)
    __rt_lib_init_cpp_1                      0x080003bf   Thumb Code     0  libinit2.o(.ARM.Collect$$libinit$$00000032)
    __rt_lib_init_exceptions_1               0x080003bf   Thumb Code     0  libinit2.o(.ARM.Collect$$libinit$$00000030)
    __rt_lib_init_fp_trap_1                  0x080003bf   Thumb Code     0  libinit2.o(.ARM.Collect$$libinit$$0000001F)
    __rt_lib_init_getenv_1                   0x080003bf   Thumb Code     0  libinit2.o(.ARM.Collect$$libinit$$00000023)
    __rt_lib_init_lc_numeric_1               0x080003bf   Thumb Code     0  libinit2.o(.ARM.Collect$$libinit$$00000017)
    __rt_lib_init_lc_time_1                  0x080003bf   Thumb Code     0  libinit2.o(.ARM.Collect$$libinit$$00000019)
    __rt_lib_init_return                     0x080003bf   Thumb Code     0  libinit2.o(.ARM.Collect$$libinit$$00000033)
    __rt_lib_init_signal_1                   0x080003bf   Thumb Code     0  libinit2.o(.ARM.Collect$$libinit$$0000001D)
    __rt_lib_init_stdio_1                    0x080003bf   Thumb Code     0  libinit2.o(.ARM.Collect$$libinit$$00000025)
    __rt_lib_shutdown                        0x080003c1   Thumb Code     0  libshutdown.o(.ARM.Collect$$libshutdown$$00000000)
    __rt_lib_shutdown_cpp_1                  0x080003c3   Thumb Code     0  libshutdown2.o(.ARM.Collect$$libshutdown$$00000002)
    __rt_lib_shutdown_fp_trap_1              0x080003c3   Thumb Code     0  libshutdown2.o(.ARM.Collect$$libshutdown$$00000007)
    __rt_lib_shutdown_heap_1                 0x080003c3   Thumb Code     0  libshutdown2.o(.ARM.Collect$$libshutdown$$0000000F)
    __rt_lib_shutdown_return                 0x080003c3   Thumb Code     0  libshutdown2.o(.ARM.Collect$$libshutdown$$00000010)
    __rt_lib_shutdown_signal_1               0x080003c3   Thumb Code     0  libshutdown2.o(.ARM.Collect$$libshutdown$$0000000A)
    __rt_lib_shutdown_stdio_1                0x080003c3   Thumb Code     0  libshutdown2.o(.ARM.Collect$$libshutdown$$00000004)
    __rt_lib_shutdown_user_alloc_1           0x080003c3   Thumb Code     0  libshutdown2.o(.ARM.Collect$$libshutdown$$0000000C)
    __rt_entry                               0x080003c5   Thumb Code     0  __rtentry.o(.ARM.Collect$$rtentry$$00000000)
    __rt_entry_presh_1                       0x080003c5   Thumb Code     0  __rtentry2.o(.ARM.Collect$$rtentry$$00000002)
    __rt_entry_sh                            0x080003c5   Thumb Code     0  __rtentry4.o(.ARM.Collect$$rtentry$$00000004)
    __rt_entry_li                            0x080003cb   Thumb Code     0  __rtentry2.o(.ARM.Collect$$rtentry$$0000000A)
    __rt_entry_postsh_1                      0x080003cb   Thumb Code     0  __rtentry2.o(.ARM.Collect$$rtentry$$00000009)
    __rt_entry_main                          0x080003cf   Thumb Code     0  __rtentry2.o(.ARM.Collect$$rtentry$$0000000D)
    __rt_entry_postli_1                      0x080003cf   Thumb Code     0  __rtentry2.o(.ARM.Collect$$rtentry$$0000000C)
    __rt_exit                                0x080003d7   Thumb Code     0  rtexit.o(.ARM.Collect$$rtexit$$00000000)
    __rt_exit_ls                             0x080003d9   Thumb Code     0  rtexit2.o(.ARM.Collect$$rtexit$$00000003)
    __rt_exit_prels_1                        0x080003d9   Thumb Code     0  rtexit2.o(.ARM.Collect$$rtexit$$00000002)
    __rt_exit_exit                           0x080003dd   Thumb Code     0  rtexit2.o(.ARM.Collect$$rtexit$$00000004)
    Reset_Handler                            0x080003e5   Thumb Code     8  startup_stm32h750xx.o(.text)
    ADC3_IRQHandler                          0x080003ff   Thumb Code     0  startup_stm32h750xx.o(.text)
    ADC_IRQHandler                           0x080003ff   Thumb Code     0  startup_stm32h750xx.o(.text)
    BDMA_Channel0_IRQHandler                 0x080003ff   Thumb Code     0  startup_stm32h750xx.o(.text)
    BDMA_Channel1_IRQHandler                 0x080003ff   Thumb Code     0  startup_stm32h750xx.o(.text)
    BDMA_Channel2_IRQHandler                 0x080003ff   Thumb Code     0  startup_stm32h750xx.o(.text)
    BDMA_Channel3_IRQHandler                 0x080003ff   Thumb Code     0  startup_stm32h750xx.o(.text)
    BDMA_Channel4_IRQHandler                 0x080003ff   Thumb Code     0  startup_stm32h750xx.o(.text)
    BDMA_Channel5_IRQHandler                 0x080003ff   Thumb Code     0  startup_stm32h750xx.o(.text)
    BDMA_Channel6_IRQHandler                 0x080003ff   Thumb Code     0  startup_stm32h750xx.o(.text)
    BDMA_Channel7_IRQHandler                 0x080003ff   Thumb Code     0  startup_stm32h750xx.o(.text)
    CEC_IRQHandler                           0x080003ff   Thumb Code     0  startup_stm32h750xx.o(.text)
    COMP1_IRQHandler                         0x080003ff   Thumb Code     0  startup_stm32h750xx.o(.text)
    CRS_IRQHandler                           0x080003ff   Thumb Code     0  startup_stm32h750xx.o(.text)
    CRYP_IRQHandler                          0x080003ff   Thumb Code     0  startup_stm32h750xx.o(.text)
    DCMI_IRQHandler                          0x080003ff   Thumb Code     0  startup_stm32h750xx.o(.text)
    DFSDM1_FLT0_IRQHandler                   0x080003ff   Thumb Code     0  startup_stm32h750xx.o(.text)
    DFSDM1_FLT1_IRQHandler                   0x080003ff   Thumb Code     0  startup_stm32h750xx.o(.text)
    DFSDM1_FLT2_IRQHandler                   0x080003ff   Thumb Code     0  startup_stm32h750xx.o(.text)
    DFSDM1_FLT3_IRQHandler                   0x080003ff   Thumb Code     0  startup_stm32h750xx.o(.text)
    DMA1_Stream0_IRQHandler                  0x080003ff   Thumb Code     0  startup_stm32h750xx.o(.text)
    DMA1_Stream1_IRQHandler                  0x080003ff   Thumb Code     0  startup_stm32h750xx.o(.text)
    DMA1_Stream2_IRQHandler                  0x080003ff   Thumb Code     0  startup_stm32h750xx.o(.text)
    DMA1_Stream3_IRQHandler                  0x080003ff   Thumb Code     0  startup_stm32h750xx.o(.text)
    DMA1_Stream4_IRQHandler                  0x080003ff   Thumb Code     0  startup_stm32h750xx.o(.text)
    DMA1_Stream5_IRQHandler                  0x080003ff   Thumb Code     0  startup_stm32h750xx.o(.text)
    DMA1_Stream6_IRQHandler                  0x080003ff   Thumb Code     0  startup_stm32h750xx.o(.text)
    DMA1_Stream7_IRQHandler                  0x080003ff   Thumb Code     0  startup_stm32h750xx.o(.text)
    DMA2D_IRQHandler                         0x080003ff   Thumb Code     0  startup_stm32h750xx.o(.text)
    DMA2_Stream0_IRQHandler                  0x080003ff   Thumb Code     0  startup_stm32h750xx.o(.text)
    DMA2_Stream1_IRQHandler                  0x080003ff   Thumb Code     0  startup_stm32h750xx.o(.text)
    DMA2_Stream2_IRQHandler                  0x080003ff   Thumb Code     0  startup_stm32h750xx.o(.text)
    DMA2_Stream3_IRQHandler                  0x080003ff   Thumb Code     0  startup_stm32h750xx.o(.text)
    DMA2_Stream4_IRQHandler                  0x080003ff   Thumb Code     0  startup_stm32h750xx.o(.text)
    DMA2_Stream5_IRQHandler                  0x080003ff   Thumb Code     0  startup_stm32h750xx.o(.text)
    DMA2_Stream6_IRQHandler                  0x080003ff   Thumb Code     0  startup_stm32h750xx.o(.text)
    DMA2_Stream7_IRQHandler                  0x080003ff   Thumb Code     0  startup_stm32h750xx.o(.text)
    DMAMUX1_OVR_IRQHandler                   0x080003ff   Thumb Code     0  startup_stm32h750xx.o(.text)
    DMAMUX2_OVR_IRQHandler                   0x080003ff   Thumb Code     0  startup_stm32h750xx.o(.text)
    ECC_IRQHandler                           0x080003ff   Thumb Code     0  startup_stm32h750xx.o(.text)
    ETH_IRQHandler                           0x080003ff   Thumb Code     0  startup_stm32h750xx.o(.text)
    ETH_WKUP_IRQHandler                      0x080003ff   Thumb Code     0  startup_stm32h750xx.o(.text)
    EXTI0_IRQHandler                         0x080003ff   Thumb Code     0  startup_stm32h750xx.o(.text)
    EXTI15_10_IRQHandler                     0x080003ff   Thumb Code     0  startup_stm32h750xx.o(.text)
    EXTI1_IRQHandler                         0x080003ff   Thumb Code     0  startup_stm32h750xx.o(.text)
    EXTI2_IRQHandler                         0x080003ff   Thumb Code     0  startup_stm32h750xx.o(.text)
    EXTI3_IRQHandler                         0x080003ff   Thumb Code     0  startup_stm32h750xx.o(.text)
    EXTI4_IRQHandler                         0x080003ff   Thumb Code     0  startup_stm32h750xx.o(.text)
    EXTI9_5_IRQHandler                       0x080003ff   Thumb Code     0  startup_stm32h750xx.o(.text)
    FDCAN1_IT0_IRQHandler                    0x080003ff   Thumb Code     0  startup_stm32h750xx.o(.text)
    FDCAN1_IT1_IRQHandler                    0x080003ff   Thumb Code     0  startup_stm32h750xx.o(.text)
    FDCAN2_IT0_IRQHandler                    0x080003ff   Thumb Code     0  startup_stm32h750xx.o(.text)
    FDCAN2_IT1_IRQHandler                    0x080003ff   Thumb Code     0  startup_stm32h750xx.o(.text)
    FDCAN_CAL_IRQHandler                     0x080003ff   Thumb Code     0  startup_stm32h750xx.o(.text)
    FLASH_IRQHandler                         0x080003ff   Thumb Code     0  startup_stm32h750xx.o(.text)
    FMC_IRQHandler                           0x080003ff   Thumb Code     0  startup_stm32h750xx.o(.text)
    FPU_IRQHandler                           0x080003ff   Thumb Code     0  startup_stm32h750xx.o(.text)
    HASH_RNG_IRQHandler                      0x080003ff   Thumb Code     0  startup_stm32h750xx.o(.text)
    HRTIM1_FLT_IRQHandler                    0x080003ff   Thumb Code     0  startup_stm32h750xx.o(.text)
    HRTIM1_Master_IRQHandler                 0x080003ff   Thumb Code     0  startup_stm32h750xx.o(.text)
    HRTIM1_TIMA_IRQHandler                   0x080003ff   Thumb Code     0  startup_stm32h750xx.o(.text)
    HRTIM1_TIMB_IRQHandler                   0x080003ff   Thumb Code     0  startup_stm32h750xx.o(.text)
    HRTIM1_TIMC_IRQHandler                   0x080003ff   Thumb Code     0  startup_stm32h750xx.o(.text)
    HRTIM1_TIMD_IRQHandler                   0x080003ff   Thumb Code     0  startup_stm32h750xx.o(.text)
    HRTIM1_TIME_IRQHandler                   0x080003ff   Thumb Code     0  startup_stm32h750xx.o(.text)
    HSEM1_IRQHandler                         0x080003ff   Thumb Code     0  startup_stm32h750xx.o(.text)
    I2C1_ER_IRQHandler                       0x080003ff   Thumb Code     0  startup_stm32h750xx.o(.text)
    I2C1_EV_IRQHandler                       0x080003ff   Thumb Code     0  startup_stm32h750xx.o(.text)
    I2C2_ER_IRQHandler                       0x080003ff   Thumb Code     0  startup_stm32h750xx.o(.text)
    I2C2_EV_IRQHandler                       0x080003ff   Thumb Code     0  startup_stm32h750xx.o(.text)
    I2C3_ER_IRQHandler                       0x080003ff   Thumb Code     0  startup_stm32h750xx.o(.text)
    I2C3_EV_IRQHandler                       0x080003ff   Thumb Code     0  startup_stm32h750xx.o(.text)
    I2C4_ER_IRQHandler                       0x080003ff   Thumb Code     0  startup_stm32h750xx.o(.text)
    I2C4_EV_IRQHandler                       0x080003ff   Thumb Code     0  startup_stm32h750xx.o(.text)
    JPEG_IRQHandler                          0x080003ff   Thumb Code     0  startup_stm32h750xx.o(.text)
    LPTIM1_IRQHandler                        0x080003ff   Thumb Code     0  startup_stm32h750xx.o(.text)
    LPTIM2_IRQHandler                        0x080003ff   Thumb Code     0  startup_stm32h750xx.o(.text)
    LPTIM3_IRQHandler                        0x080003ff   Thumb Code     0  startup_stm32h750xx.o(.text)
    LPTIM4_IRQHandler                        0x080003ff   Thumb Code     0  startup_stm32h750xx.o(.text)
    LPTIM5_IRQHandler                        0x080003ff   Thumb Code     0  startup_stm32h750xx.o(.text)
    LPUART1_IRQHandler                       0x080003ff   Thumb Code     0  startup_stm32h750xx.o(.text)
    LTDC_ER_IRQHandler                       0x080003ff   Thumb Code     0  startup_stm32h750xx.o(.text)
    LTDC_IRQHandler                          0x080003ff   Thumb Code     0  startup_stm32h750xx.o(.text)
    MDIOS_IRQHandler                         0x080003ff   Thumb Code     0  startup_stm32h750xx.o(.text)
    MDIOS_WKUP_IRQHandler                    0x080003ff   Thumb Code     0  startup_stm32h750xx.o(.text)
    MDMA_IRQHandler                          0x080003ff   Thumb Code     0  startup_stm32h750xx.o(.text)
    OTG_FS_EP1_IN_IRQHandler                 0x080003ff   Thumb Code     0  startup_stm32h750xx.o(.text)
    OTG_FS_EP1_OUT_IRQHandler                0x080003ff   Thumb Code     0  startup_stm32h750xx.o(.text)
    OTG_FS_IRQHandler                        0x080003ff   Thumb Code     0  startup_stm32h750xx.o(.text)
    OTG_FS_WKUP_IRQHandler                   0x080003ff   Thumb Code     0  startup_stm32h750xx.o(.text)
    OTG_HS_EP1_IN_IRQHandler                 0x080003ff   Thumb Code     0  startup_stm32h750xx.o(.text)
    OTG_HS_EP1_OUT_IRQHandler                0x080003ff   Thumb Code     0  startup_stm32h750xx.o(.text)
    OTG_HS_IRQHandler                        0x080003ff   Thumb Code     0  startup_stm32h750xx.o(.text)
    OTG_HS_WKUP_IRQHandler                   0x080003ff   Thumb Code     0  startup_stm32h750xx.o(.text)
    PVD_AVD_IRQHandler                       0x080003ff   Thumb Code     0  startup_stm32h750xx.o(.text)
    QUADSPI_IRQHandler                       0x080003ff   Thumb Code     0  startup_stm32h750xx.o(.text)
    RCC_IRQHandler                           0x080003ff   Thumb Code     0  startup_stm32h750xx.o(.text)
    RTC_Alarm_IRQHandler                     0x080003ff   Thumb Code     0  startup_stm32h750xx.o(.text)
    RTC_WKUP_IRQHandler                      0x080003ff   Thumb Code     0  startup_stm32h750xx.o(.text)
    SAI1_IRQHandler                          0x080003ff   Thumb Code     0  startup_stm32h750xx.o(.text)
    SAI2_IRQHandler                          0x080003ff   Thumb Code     0  startup_stm32h750xx.o(.text)
    SAI3_IRQHandler                          0x080003ff   Thumb Code     0  startup_stm32h750xx.o(.text)
    SAI4_IRQHandler                          0x080003ff   Thumb Code     0  startup_stm32h750xx.o(.text)
    SDMMC1_IRQHandler                        0x080003ff   Thumb Code     0  startup_stm32h750xx.o(.text)
    SDMMC2_IRQHandler                        0x080003ff   Thumb Code     0  startup_stm32h750xx.o(.text)
    SPDIF_RX_IRQHandler                      0x080003ff   Thumb Code     0  startup_stm32h750xx.o(.text)
    SPI1_IRQHandler                          0x080003ff   Thumb Code     0  startup_stm32h750xx.o(.text)
    SPI2_IRQHandler                          0x080003ff   Thumb Code     0  startup_stm32h750xx.o(.text)
    SPI3_IRQHandler                          0x080003ff   Thumb Code     0  startup_stm32h750xx.o(.text)
    SPI4_IRQHandler                          0x080003ff   Thumb Code     0  startup_stm32h750xx.o(.text)
    SPI5_IRQHandler                          0x080003ff   Thumb Code     0  startup_stm32h750xx.o(.text)
    SPI6_IRQHandler                          0x080003ff   Thumb Code     0  startup_stm32h750xx.o(.text)
    SWPMI1_IRQHandler                        0x080003ff   Thumb Code     0  startup_stm32h750xx.o(.text)
    TAMP_STAMP_IRQHandler                    0x080003ff   Thumb Code     0  startup_stm32h750xx.o(.text)
    TIM15_IRQHandler                         0x080003ff   Thumb Code     0  startup_stm32h750xx.o(.text)
    TIM16_IRQHandler                         0x080003ff   Thumb Code     0  startup_stm32h750xx.o(.text)
    TIM17_IRQHandler                         0x080003ff   Thumb Code     0  startup_stm32h750xx.o(.text)
    TIM1_BRK_IRQHandler                      0x080003ff   Thumb Code     0  startup_stm32h750xx.o(.text)
    TIM1_CC_IRQHandler                       0x080003ff   Thumb Code     0  startup_stm32h750xx.o(.text)
    TIM1_TRG_COM_IRQHandler                  0x080003ff   Thumb Code     0  startup_stm32h750xx.o(.text)
    TIM1_UP_IRQHandler                       0x080003ff   Thumb Code     0  startup_stm32h750xx.o(.text)
    TIM2_IRQHandler                          0x080003ff   Thumb Code     0  startup_stm32h750xx.o(.text)
    TIM3_IRQHandler                          0x080003ff   Thumb Code     0  startup_stm32h750xx.o(.text)
    TIM4_IRQHandler                          0x080003ff   Thumb Code     0  startup_stm32h750xx.o(.text)
    TIM5_IRQHandler                          0x080003ff   Thumb Code     0  startup_stm32h750xx.o(.text)
    TIM6_DAC_IRQHandler                      0x080003ff   Thumb Code     0  startup_stm32h750xx.o(.text)
    TIM7_IRQHandler                          0x080003ff   Thumb Code     0  startup_stm32h750xx.o(.text)
    TIM8_BRK_TIM12_IRQHandler                0x080003ff   Thumb Code     0  startup_stm32h750xx.o(.text)
    TIM8_CC_IRQHandler                       0x080003ff   Thumb Code     0  startup_stm32h750xx.o(.text)
    TIM8_TRG_COM_TIM14_IRQHandler            0x080003ff   Thumb Code     0  startup_stm32h750xx.o(.text)
    TIM8_UP_TIM13_IRQHandler                 0x080003ff   Thumb Code     0  startup_stm32h750xx.o(.text)
    UART4_IRQHandler                         0x080003ff   Thumb Code     0  startup_stm32h750xx.o(.text)
    UART5_IRQHandler                         0x080003ff   Thumb Code     0  startup_stm32h750xx.o(.text)
    UART7_IRQHandler                         0x080003ff   Thumb Code     0  startup_stm32h750xx.o(.text)
    UART8_IRQHandler                         0x080003ff   Thumb Code     0  startup_stm32h750xx.o(.text)
    USART1_IRQHandler                        0x080003ff   Thumb Code     0  startup_stm32h750xx.o(.text)
    USART2_IRQHandler                        0x080003ff   Thumb Code     0  startup_stm32h750xx.o(.text)
    USART3_IRQHandler                        0x080003ff   Thumb Code     0  startup_stm32h750xx.o(.text)
    USART6_IRQHandler                        0x080003ff   Thumb Code     0  startup_stm32h750xx.o(.text)
    WAKEUP_PIN_IRQHandler                    0x080003ff   Thumb Code     0  startup_stm32h750xx.o(.text)
    WWDG_IRQHandler                          0x080003ff   Thumb Code     0  startup_stm32h750xx.o(.text)
    __user_initial_stackheap                 0x08000401   Thumb Code     0  startup_stm32h750xx.o(.text)
    __aeabi_uldivmod                         0x08000425   Thumb Code     0  lludivv7m.o(.text)
    _ll_udiv                                 0x08000425   Thumb Code   238  lludivv7m.o(.text)
    vsprintf                                 0x08000515   Thumb Code    32  vsprintf.o(.text)
    strlen                                   0x08000539   Thumb Code    62  strlen.o(.text)
    __aeabi_memclr4                          0x08000577   Thumb Code     0  rt_memclr_w.o(.text)
    __aeabi_memclr8                          0x08000577   Thumb Code     0  rt_memclr_w.o(.text)
    __rt_memclr_w                            0x08000577   Thumb Code    78  rt_memclr_w.o(.text)
    _memset_w                                0x0800057b   Thumb Code     0  rt_memclr_w.o(.text)
    __use_two_region_memory                  0x080005c5   Thumb Code     2  heapauxi.o(.text)
    __rt_heap_escrow$2region                 0x080005c7   Thumb Code     2  heapauxi.o(.text)
    __rt_heap_expand$2region                 0x080005c9   Thumb Code     2  heapauxi.o(.text)
    _printf_pre_padding                      0x080005cb   Thumb Code    44  _printf_pad.o(.text)
    _printf_post_padding                     0x080005f7   Thumb Code    34  _printf_pad.o(.text)
    _printf_truncate_signed                  0x08000619   Thumb Code    18  _printf_truncate.o(.text)
    _printf_truncate_unsigned                0x0800062b   Thumb Code    18  _printf_truncate.o(.text)
    _printf_str                              0x0800063d   Thumb Code    82  _printf_str.o(.text)
    _printf_int_dec                          0x08000691   Thumb Code   104  _printf_dec.o(.text)
    _printf_charcount                        0x08000709   Thumb Code    40  _printf_charcount.o(.text)
    _printf_char_common                      0x0800073b   Thumb Code    32  _printf_char_common.o(.text)
    _sputc                                   0x08000761   Thumb Code    10  _sputc.o(.text)
    _printf_wctomb                           0x0800076d   Thumb Code   182  _printf_wctomb.o(.text)
    _printf_longlong_dec                     0x08000829   Thumb Code   108  _printf_longlong_dec.o(.text)
    _printf_longlong_oct                     0x080008a5   Thumb Code    66  _printf_oct_int_ll.o(.text)
    _printf_int_oct                          0x080008e7   Thumb Code    24  _printf_oct_int_ll.o(.text)
    _printf_ll_oct                           0x080008ff   Thumb Code    12  _printf_oct_int_ll.o(.text)
    _printf_longlong_hex                     0x08000915   Thumb Code    86  _printf_hex_int_ll_ptr.o(.text)
    _printf_int_hex                          0x0800096b   Thumb Code    28  _printf_hex_int_ll_ptr.o(.text)
    _printf_ll_hex                           0x08000987   Thumb Code    12  _printf_hex_int_ll_ptr.o(.text)
    _printf_hex_ptr                          0x08000993   Thumb Code    18  _printf_hex_int_ll_ptr.o(.text)
    __printf                                 0x080009a9   Thumb Code   388  __printf_flags_ss_wp.o(.text)
    _ll_udiv10                               0x08000b31   Thumb Code   138  lludiv10.o(.text)
    _printf_int_common                       0x08000bbb   Thumb Code   178  _printf_intcommon.o(.text)
    __lib_sel_fp_printf                      0x08000c6d   Thumb Code     2  _printf_fp_dec.o(.text)
    _printf_fp_dec_real                      0x08000e1b   Thumb Code   620  _printf_fp_dec.o(.text)
    _printf_fp_hex_real                      0x08001089   Thumb Code   756  _printf_fp_hex.o(.text)
    _printf_cs_common                        0x08001385   Thumb Code    20  _printf_char.o(.text)
    _printf_char                             0x08001399   Thumb Code    16  _printf_char.o(.text)
    _printf_string                           0x080013a9   Thumb Code     8  _printf_char.o(.text)
    _printf_lcs_common                       0x080013b1   Thumb Code    20  _printf_wchar.o(.text)
    _printf_wchar                            0x080013c5   Thumb Code    16  _printf_wchar.o(.text)
    _printf_wstring                          0x080013d5   Thumb Code     8  _printf_wchar.o(.text)
    _wcrtomb                                 0x080013dd   Thumb Code    64  _wcrtomb.o(.text)
    __user_setup_stackheap                   0x0800141d   Thumb Code    74  sys_stackheap_outer.o(.text)
    __rt_ctype_table                         0x08001469   Thumb Code    16  rt_ctype_table.o(.text)
    __rt_locale                              0x08001479   Thumb Code     8  rt_locale_intlibspace.o(.text)
    _printf_fp_infnan                        0x08001481   Thumb Code   112  _printf_fp_infnan.o(.text)
    _btod_etento                             0x08001501   Thumb Code   216  bigflt0.o(.text)
    exit                                     0x080015dd   Thumb Code    18  exit.o(.text)
    __user_libspace                          0x080015f1   Thumb Code     8  libspace.o(.text)
    __user_perproc_libspace                  0x080015f1   Thumb Code     0  libspace.o(.text)
    __user_perthread_libspace                0x080015f1   Thumb Code     0  libspace.o(.text)
    strcmp                                   0x080015f9   Thumb Code   104  strcmpv7m_pel.o(.text)
    _sys_exit                                0x08001661   Thumb Code     8  sys_exit.o(.text)
    __I$use$semihosting                      0x0800166d   Thumb Code     0  use_no_semi.o(.text)
    __use_no_semihosting_swi                 0x0800166d   Thumb Code     2  use_no_semi.o(.text)
    __semihosting_library_function           0x0800166f   Thumb Code     0  indicate_semi.o(.text)
    _btod_d2e                                0x0800166f   Thumb Code    62  btod.o(CL$$btod_d2e)
    _d2e_denorm_low                          0x080016ad   Thumb Code    70  btod.o(CL$$btod_d2e_denorm_low)
    _d2e_norm_op1                            0x080016f3   Thumb Code    96  btod.o(CL$$btod_d2e_norm_op1)
    __btod_div_common                        0x08001753   Thumb Code   696  btod.o(CL$$btod_div_common)
    _e2e                                     0x08001a8b   Thumb Code   198  btod.o(CL$$btod_e2e)
    _btod_ediv                               0x08001b51   Thumb Code    40  btod.o(CL$$btod_ediv)
    _btod_emul                               0x08001b79   Thumb Code    40  btod.o(CL$$btod_emul)
    __btod_mult_common                       0x08001ba1   Thumb Code   580  btod.o(CL$$btod_mult_common)
    BusFault_Handler                         0x08001de5   Thumb Code     4  stm32h7xx_it.o(i.BusFault_Handler)
    DebugMon_Handler                         0x08001de9   Thumb Code     2  stm32h7xx_it.o(i.DebugMon_Handler)
    Error_Handler                            0x08001deb   Thumb Code     4  sys.o(i.Error_Handler)
    HAL_Delay                                0x08001df1   Thumb Code    36  stm32h7xx_hal.o(i.HAL_Delay)
    HAL_GPIO_Init                            0x08001e19   Thumb Code   468  stm32h7xx_hal_gpio.o(i.HAL_GPIO_Init)
    HAL_GPIO_WritePin                        0x08002021   Thumb Code    12  stm32h7xx_hal_gpio.o(i.HAL_GPIO_WritePin)
    HAL_GetREVID                             0x0800202d   Thumb Code     8  stm32h7xx_hal.o(i.HAL_GetREVID)
    HAL_GetTick                              0x08002039   Thumb Code     6  stm32h7xx_hal.o(i.HAL_GetTick)
    HAL_IncTick                              0x08002045   Thumb Code    16  stm32h7xx_hal.o(i.HAL_IncTick)
    HAL_Init                                 0x0800205d   Thumb Code    80  stm32h7xx_hal.o(i.HAL_Init)
    HAL_InitTick                             0x080020bd   Thumb Code    74  stm32h7xx_hal.o(i.HAL_InitTick)
    HAL_MspInit                              0x08002115   Thumb Code    32  sys.o(i.HAL_MspInit)
    HAL_NVIC_SetPriority                     0x08002139   Thumb Code   122  stm32h7xx_hal_cortex.o(i.HAL_NVIC_SetPriority)
    HAL_NVIC_SetPriorityGrouping             0x080021b5   Thumb Code    32  stm32h7xx_hal_cortex.o(i.HAL_NVIC_SetPriorityGrouping)
    HAL_PWREx_ConfigSupply                   0x080021dd   Thumb Code    90  stm32h7xx_hal_pwr_ex.o(i.HAL_PWREx_ConfigSupply)
    HAL_RCCEx_GetD3PCLK1Freq                 0x0800223d   Thumb Code    26  stm32h7xx_hal_rcc_ex.o(i.HAL_RCCEx_GetD3PCLK1Freq)
    HAL_RCCEx_GetPLL2ClockFreq               0x08002261   Thumb Code   536  stm32h7xx_hal_rcc_ex.o(i.HAL_RCCEx_GetPLL2ClockFreq)
    HAL_RCCEx_GetPLL3ClockFreq               0x08002491   Thumb Code   536  stm32h7xx_hal_rcc_ex.o(i.HAL_RCCEx_GetPLL3ClockFreq)
    HAL_RCCEx_PeriphCLKConfig                0x080026c1   Thumb Code  2842  stm32h7xx_hal_rcc_ex.o(i.HAL_RCCEx_PeriphCLKConfig)
    HAL_RCC_ClockConfig                      0x080031e1   Thumb Code   774  stm32h7xx_hal_rcc.o(i.HAL_RCC_ClockConfig)
    HAL_RCC_GetHCLKFreq                      0x08003501   Thumb Code    60  stm32h7xx_hal_rcc.o(i.HAL_RCC_GetHCLKFreq)
    HAL_RCC_GetPCLK1Freq                     0x0800354d   Thumb Code    26  stm32h7xx_hal_rcc.o(i.HAL_RCC_GetPCLK1Freq)
    HAL_RCC_GetPCLK2Freq                     0x08003571   Thumb Code    26  stm32h7xx_hal_rcc.o(i.HAL_RCC_GetPCLK2Freq)
    HAL_RCC_GetSysClockFreq                  0x08003595   Thumb Code   524  stm32h7xx_hal_rcc.o(i.HAL_RCC_GetSysClockFreq)
    HAL_RCC_OscConfig                        0x080037c1   Thumb Code  1902  stm32h7xx_hal_rcc.o(i.HAL_RCC_OscConfig)
    HAL_SYSTICK_Config                       0x08003f39   Thumb Code    52  stm32h7xx_hal_cortex.o(i.HAL_SYSTICK_Config)
    HAL_UARTEx_DisableFifoMode               0x08003f6d   Thumb Code    78  stm32h7xx_hal_uart_ex.o(i.HAL_UARTEx_DisableFifoMode)
    HAL_UARTEx_SetRxFifoThreshold            0x08003fbb   Thumb Code    94  stm32h7xx_hal_uart_ex.o(i.HAL_UARTEx_SetRxFifoThreshold)
    HAL_UARTEx_SetTxFifoThreshold            0x08004019   Thumb Code    94  stm32h7xx_hal_uart_ex.o(i.HAL_UARTEx_SetTxFifoThreshold)
    HAL_UART_Init                            0x08004077   Thumb Code   120  stm32h7xx_hal_uart.o(i.HAL_UART_Init)
    HAL_UART_MspInit                         0x080040f1   Thumb Code   114  uart.o(i.HAL_UART_MspInit)
    HAL_UART_Transmit                        0x08004171   Thumb Code   212  stm32h7xx_hal_uart.o(i.HAL_UART_Transmit)
    HardFault_Handler                        0x08004245   Thumb Code     4  stm32h7xx_it.o(i.HardFault_Handler)
    MemManage_Handler                        0x08004249   Thumb Code     4  stm32h7xx_it.o(i.MemManage_Handler)
    NMI_Handler                              0x0800424d   Thumb Code     2  stm32h7xx_it.o(i.NMI_Handler)
    PendSV_Handler                           0x0800424f   Thumb Code     2  stm32h7xx_it.o(i.PendSV_Handler)
    SVC_Handler                              0x08004519   Thumb Code     2  stm32h7xx_it.o(i.SVC_Handler)
    SysTick_Handler                          0x0800451b   Thumb Code     8  stm32h7xx_it.o(i.SysTick_Handler)
    SystemClock_Config                       0x08004525   Thumb Code   230  sys.o(i.SystemClock_Config)
    SystemInit                               0x08004615   Thumb Code   146  system_stm32h7xx.o(i.SystemInit)
    UART_AdvFeatureConfig                    0x0800472d   Thumb Code   248  stm32h7xx_hal_uart.o(i.UART_AdvFeatureConfig)
    UART_CheckIdleState                      0x08004825   Thumb Code   116  stm32h7xx_hal_uart.o(i.UART_CheckIdleState)
    UART_SetConfig                           0x08004899   Thumb Code  5860  stm32h7xx_hal_uart.o(i.UART_SetConfig)
    UART_WaitOnFlagUntilTimeout              0x08005f89   Thumb Code   190  stm32h7xx_hal_uart.o(i.UART_WaitOnFlagUntilTimeout)
    UsageFault_Handler                       0x08006047   Thumb Code     4  stm32h7xx_it.o(i.UsageFault_Handler)
    __ARM_fpclassify                         0x0800604b   Thumb Code    48  fpclassify.o(i.__ARM_fpclassify)
    _is_digit                                0x080060b5   Thumb Code    14  __printf_wp.o(i._is_digit)
    bsp_init                                 0x080060c3   Thumb Code    16  bsp.o(i.bsp_init)
    led_init                                 0x080060d5   Thumb Code   128  led.o(i.led_init)
    led_off                                  0x0800615d   Thumb Code    24  led.o(i.led_off)
    led_on                                   0x08006179   Thumb Code    24  led.o(i.led_on)
    main                                     0x08006195   Thumb Code    54  main.o(i.main)
    uart_init                                0x080061dd   Thumb Code    98  uart.o(i.uart_init)
    print                                   0x08006249   Thumb Code    56  uart.o(i.print)
    _get_lc_numeric                          0x08006285   Thumb Code    44  lc_numeric_c.o(locale$$code)
    _get_lc_ctype                            0x080062b1   Thumb Code    44  lc_ctype_c.o(locale$$code)
    _fp_init                                 0x080062dd   Thumb Code    10  fpinit.o(x$fpl$fpinit)
    __fplib_config_fpu_vfp                   0x080062e5   Thumb Code     0  fpinit.o(x$fpl$fpinit)
    __fplib_config_pureend_doubles           0x080062e5   Thumb Code     0  fpinit.o(x$fpl$fpinit)
    _printf_fp_dec                           0x080062e7   Thumb Code     4  printf1.o(x$fpl$printf1)
    _printf_fp_hex                           0x080062eb   Thumb Code     4  printf2.o(x$fpl$printf2)
    D1CorePrescTable                         0x080062ee   Data          16  system_stm32h7xx.o(.constdata)
    __I$use$fp                               0x080062ee   Number         0  usenofp.o(x$fpl$usenofp)
    Region$$Table$$Base                      0x080063fc   Number         0  anon$$obj.o(Region$$Table)
    Region$$Table$$Limit                     0x0800641c   Number         0  anon$$obj.o(Region$$Table)
    __ctype                                  0x08006445   Data           0  lc_ctype_c.o(locale$$data)
    uwTick                                   0x24000000   Data           4  stm32h7xx_hal.o(.data)
    uwTickPrio                               0x24000004   Data           4  stm32h7xx_hal.o(.data)
    uwTickFreq                               0x24000008   Data           1  stm32h7xx_hal.o(.data)
    SystemCoreClock                          0x2400000c   Data           4  system_stm32h7xx.o(.data)
    SystemD2Clock                            0x24000010   Data           4  system_stm32h7xx.o(.data)
    huart1                                   0x24000014   Data         140  uart.o(.bss)
    __libspace_start                         0x240000a0   Data          96  libspace.o(.bss)
    __temporary_stack_top$libspace           0x24000100   Data           0  libspace.o(.bss)



==============================================================================

Memory Map of the image

  Image Entry point : 0x08000299

  Load Region LR_IROM1 (Base: 0x08000000, Size: 0x0000655c, Max: 0x00020000, ABSOLUTE)

    Execution Region ER_IROM1 (Base: 0x08000000, Size: 0x00006548, Max: 0x00020000, ABSOLUTE)

    Base Addr    Size         Type   Attr      Idx    E Section Name        Object

    0x08000000   0x00000298   Data   RO         4307    RESET               startup_stm32h750xx.o
    0x08000298   0x00000008   Code   RO         4620  * !!!main             c_w.l(__main.o)
    0x080002a0   0x00000034   Code   RO         4951    !!!scatter          c_w.l(__scatter.o)
    0x080002d4   0x0000001a   Code   RO         4953    !!handler_copy      c_w.l(__scatter_copy.o)
    0x080002ee   0x00000002   PAD
    0x080002f0   0x0000001c   Code   RO         4955    !!handler_zi        c_w.l(__scatter_zi.o)
    0x0800030c   0x00000000   Code   RO         4708    .ARM.Collect$$_printf_percent$$00000000  c_w.l(_printf_percent.o)
    0x0800030c   0x00000006   Code   RO         4697    .ARM.Collect$$_printf_percent$$00000001  c_w.l(_printf_n.o)
    0x08000312   0x00000006   Code   RO         4699    .ARM.Collect$$_printf_percent$$00000002  c_w.l(_printf_p.o)
    0x08000318   0x00000006   Code   RO         4704    .ARM.Collect$$_printf_percent$$00000003  c_w.l(_printf_f.o)
    0x0800031e   0x00000006   Code   RO         4705    .ARM.Collect$$_printf_percent$$00000004  c_w.l(_printf_e.o)
    0x08000324   0x00000006   Code   RO         4706    .ARM.Collect$$_printf_percent$$00000005  c_w.l(_printf_g.o)
    0x0800032a   0x00000006   Code   RO         4707    .ARM.Collect$$_printf_percent$$00000006  c_w.l(_printf_a.o)
    0x08000330   0x0000000a   Code   RO         4712    .ARM.Collect$$_printf_percent$$00000007  c_w.l(_printf_ll.o)
    0x0800033a   0x00000006   Code   RO         4701    .ARM.Collect$$_printf_percent$$00000008  c_w.l(_printf_i.o)
    0x08000340   0x00000006   Code   RO         4702    .ARM.Collect$$_printf_percent$$00000009  c_w.l(_printf_d.o)
    0x08000346   0x00000006   Code   RO         4703    .ARM.Collect$$_printf_percent$$0000000A  c_w.l(_printf_u.o)
    0x0800034c   0x00000006   Code   RO         4700    .ARM.Collect$$_printf_percent$$0000000B  c_w.l(_printf_o.o)
    0x08000352   0x00000006   Code   RO         4698    .ARM.Collect$$_printf_percent$$0000000C  c_w.l(_printf_x.o)
    0x08000358   0x00000006   Code   RO         4709    .ARM.Collect$$_printf_percent$$0000000D  c_w.l(_printf_lli.o)
    0x0800035e   0x00000006   Code   RO         4710    .ARM.Collect$$_printf_percent$$0000000E  c_w.l(_printf_lld.o)
    0x08000364   0x00000006   Code   RO         4711    .ARM.Collect$$_printf_percent$$0000000F  c_w.l(_printf_llu.o)
    0x0800036a   0x00000006   Code   RO         4716    .ARM.Collect$$_printf_percent$$00000010  c_w.l(_printf_llo.o)
    0x08000370   0x00000006   Code   RO         4717    .ARM.Collect$$_printf_percent$$00000011  c_w.l(_printf_llx.o)
    0x08000376   0x0000000a   Code   RO         4713    .ARM.Collect$$_printf_percent$$00000012  c_w.l(_printf_l.o)
    0x08000380   0x00000006   Code   RO         4695    .ARM.Collect$$_printf_percent$$00000013  c_w.l(_printf_c.o)
    0x08000386   0x00000006   Code   RO         4696    .ARM.Collect$$_printf_percent$$00000014  c_w.l(_printf_s.o)
    0x0800038c   0x00000006   Code   RO         4714    .ARM.Collect$$_printf_percent$$00000015  c_w.l(_printf_lc.o)
    0x08000392   0x00000006   Code   RO         4715    .ARM.Collect$$_printf_percent$$00000016  c_w.l(_printf_ls.o)
    0x08000398   0x00000004   Code   RO         4758    .ARM.Collect$$_printf_percent$$00000017  c_w.l(_printf_percent_end.o)
    0x0800039c   0x00000002   Code   RO         4811    .ARM.Collect$$libinit$$00000000  c_w.l(libinit.o)
    0x0800039e   0x00000004   Code   RO         4833    .ARM.Collect$$libinit$$00000001  c_w.l(libinit2.o)
    0x080003a2   0x00000000   Code   RO         4836    .ARM.Collect$$libinit$$00000004  c_w.l(libinit2.o)
    0x080003a2   0x00000000   Code   RO         4839    .ARM.Collect$$libinit$$0000000A  c_w.l(libinit2.o)
    0x080003a2   0x00000000   Code   RO         4841    .ARM.Collect$$libinit$$0000000C  c_w.l(libinit2.o)
    0x080003a2   0x00000000   Code   RO         4843    .ARM.Collect$$libinit$$0000000E  c_w.l(libinit2.o)
    0x080003a2   0x00000006   Code   RO         4844    .ARM.Collect$$libinit$$0000000F  c_w.l(libinit2.o)
    0x080003a8   0x00000000   Code   RO         4846    .ARM.Collect$$libinit$$00000011  c_w.l(libinit2.o)
    0x080003a8   0x0000000c   Code   RO         4847    .ARM.Collect$$libinit$$00000012  c_w.l(libinit2.o)
    0x080003b4   0x00000000   Code   RO         4848    .ARM.Collect$$libinit$$00000013  c_w.l(libinit2.o)
    0x080003b4   0x00000000   Code   RO         4850    .ARM.Collect$$libinit$$00000015  c_w.l(libinit2.o)
    0x080003b4   0x0000000a   Code   RO         4851    .ARM.Collect$$libinit$$00000016  c_w.l(libinit2.o)
    0x080003be   0x00000000   Code   RO         4852    .ARM.Collect$$libinit$$00000017  c_w.l(libinit2.o)
    0x080003be   0x00000000   Code   RO         4854    .ARM.Collect$$libinit$$00000019  c_w.l(libinit2.o)
    0x080003be   0x00000000   Code   RO         4856    .ARM.Collect$$libinit$$0000001B  c_w.l(libinit2.o)
    0x080003be   0x00000000   Code   RO         4858    .ARM.Collect$$libinit$$0000001D  c_w.l(libinit2.o)
    0x080003be   0x00000000   Code   RO         4860    .ARM.Collect$$libinit$$0000001F  c_w.l(libinit2.o)
    0x080003be   0x00000000   Code   RO         4862    .ARM.Collect$$libinit$$00000021  c_w.l(libinit2.o)
    0x080003be   0x00000000   Code   RO         4864    .ARM.Collect$$libinit$$00000023  c_w.l(libinit2.o)
    0x080003be   0x00000000   Code   RO         4866    .ARM.Collect$$libinit$$00000025  c_w.l(libinit2.o)
    0x080003be   0x00000000   Code   RO         4870    .ARM.Collect$$libinit$$0000002C  c_w.l(libinit2.o)
    0x080003be   0x00000000   Code   RO         4872    .ARM.Collect$$libinit$$0000002E  c_w.l(libinit2.o)
    0x080003be   0x00000000   Code   RO         4874    .ARM.Collect$$libinit$$00000030  c_w.l(libinit2.o)
    0x080003be   0x00000000   Code   RO         4876    .ARM.Collect$$libinit$$00000032  c_w.l(libinit2.o)
    0x080003be   0x00000002   Code   RO         4877    .ARM.Collect$$libinit$$00000033  c_w.l(libinit2.o)
    0x080003c0   0x00000002   Code   RO         4908    .ARM.Collect$$libshutdown$$00000000  c_w.l(libshutdown.o)
    0x080003c2   0x00000000   Code   RO         4934    .ARM.Collect$$libshutdown$$00000002  c_w.l(libshutdown2.o)
    0x080003c2   0x00000000   Code   RO         4936    .ARM.Collect$$libshutdown$$00000004  c_w.l(libshutdown2.o)
    0x080003c2   0x00000000   Code   RO         4939    .ARM.Collect$$libshutdown$$00000007  c_w.l(libshutdown2.o)
    0x080003c2   0x00000000   Code   RO         4942    .ARM.Collect$$libshutdown$$0000000A  c_w.l(libshutdown2.o)
    0x080003c2   0x00000000   Code   RO         4944    .ARM.Collect$$libshutdown$$0000000C  c_w.l(libshutdown2.o)
    0x080003c2   0x00000000   Code   RO         4947    .ARM.Collect$$libshutdown$$0000000F  c_w.l(libshutdown2.o)
    0x080003c2   0x00000002   Code   RO         4948    .ARM.Collect$$libshutdown$$00000010  c_w.l(libshutdown2.o)
    0x080003c4   0x00000000   Code   RO         4622    .ARM.Collect$$rtentry$$00000000  c_w.l(__rtentry.o)
    0x080003c4   0x00000000   Code   RO         4727    .ARM.Collect$$rtentry$$00000002  c_w.l(__rtentry2.o)
    0x080003c4   0x00000006   Code   RO         4739    .ARM.Collect$$rtentry$$00000004  c_w.l(__rtentry4.o)
    0x080003ca   0x00000000   Code   RO         4729    .ARM.Collect$$rtentry$$00000009  c_w.l(__rtentry2.o)
    0x080003ca   0x00000004   Code   RO         4730    .ARM.Collect$$rtentry$$0000000A  c_w.l(__rtentry2.o)
    0x080003ce   0x00000000   Code   RO         4732    .ARM.Collect$$rtentry$$0000000C  c_w.l(__rtentry2.o)
    0x080003ce   0x00000008   Code   RO         4733    .ARM.Collect$$rtentry$$0000000D  c_w.l(__rtentry2.o)
    0x080003d6   0x00000002   Code   RO         4820    .ARM.Collect$$rtexit$$00000000  c_w.l(rtexit.o)
    0x080003d8   0x00000000   Code   RO         4881    .ARM.Collect$$rtexit$$00000002  c_w.l(rtexit2.o)
    0x080003d8   0x00000004   Code   RO         4882    .ARM.Collect$$rtexit$$00000003  c_w.l(rtexit2.o)
    0x080003dc   0x00000006   Code   RO         4883    .ARM.Collect$$rtexit$$00000004  c_w.l(rtexit2.o)
    0x080003e2   0x00000002   PAD
    0x080003e4   0x00000040   Code   RO         4308    .text               startup_stm32h750xx.o
    0x08000424   0x000000ee   Code   RO         4610    .text               c_w.l(lludivv7m.o)
    0x08000512   0x00000002   PAD
    0x08000514   0x00000024   Code   RO         4612    .text               c_w.l(vsprintf.o)
    0x08000538   0x0000003e   Code   RO         4614    .text               c_w.l(strlen.o)
    0x08000576   0x0000004e   Code   RO         4616    .text               c_w.l(rt_memclr_w.o)
    0x080005c4   0x00000006   Code   RO         4618    .text               c_w.l(heapauxi.o)
    0x080005ca   0x0000004e   Code   RO         4629    .text               c_w.l(_printf_pad.o)
    0x08000618   0x00000024   Code   RO         4631    .text               c_w.l(_printf_truncate.o)
    0x0800063c   0x00000052   Code   RO         4633    .text               c_w.l(_printf_str.o)
    0x0800068e   0x00000002   PAD
    0x08000690   0x00000078   Code   RO         4635    .text               c_w.l(_printf_dec.o)
    0x08000708   0x00000028   Code   RO         4637    .text               c_w.l(_printf_charcount.o)
    0x08000730   0x00000030   Code   RO         4639    .text               c_w.l(_printf_char_common.o)
    0x08000760   0x0000000a   Code   RO         4641    .text               c_w.l(_sputc.o)
    0x0800076a   0x00000002   PAD
    0x0800076c   0x000000bc   Code   RO         4643    .text               c_w.l(_printf_wctomb.o)
    0x08000828   0x0000007c   Code   RO         4646    .text               c_w.l(_printf_longlong_dec.o)
    0x080008a4   0x00000070   Code   RO         4652    .text               c_w.l(_printf_oct_int_ll.o)
    0x08000914   0x00000094   Code   RO         4672    .text               c_w.l(_printf_hex_int_ll_ptr.o)
    0x080009a8   0x00000188   Code   RO         4692    .text               c_w.l(__printf_flags_ss_wp.o)
    0x08000b30   0x0000008a   Code   RO         4743    .text               c_w.l(lludiv10.o)
    0x08000bba   0x000000b2   Code   RO         4745    .text               c_w.l(_printf_intcommon.o)
    0x08000c6c   0x0000041a   Code   RO         4747    .text               c_w.l(_printf_fp_dec.o)
    0x08001086   0x00000002   PAD
    0x08001088   0x000002fc   Code   RO         4749    .text               c_w.l(_printf_fp_hex.o)
    0x08001384   0x0000002c   Code   RO         4754    .text               c_w.l(_printf_char.o)
    0x080013b0   0x0000002c   Code   RO         4756    .text               c_w.l(_printf_wchar.o)
    0x080013dc   0x00000040   Code   RO         4759    .text               c_w.l(_wcrtomb.o)
    0x0800141c   0x0000004a   Code   RO         4761    .text               c_w.l(sys_stackheap_outer.o)
    0x08001466   0x00000002   PAD
    0x08001468   0x00000010   Code   RO         4763    .text               c_w.l(rt_ctype_table.o)
    0x08001478   0x00000008   Code   RO         4768    .text               c_w.l(rt_locale_intlibspace.o)
    0x08001480   0x00000080   Code   RO         4770    .text               c_w.l(_printf_fp_infnan.o)
    0x08001500   0x000000dc   Code   RO         4772    .text               c_w.l(bigflt0.o)
    0x080015dc   0x00000012   Code   RO         4800    .text               c_w.l(exit.o)
    0x080015ee   0x00000002   PAD
    0x080015f0   0x00000008   Code   RO         4817    .text               c_w.l(libspace.o)
    0x080015f8   0x00000068   Code   RO         4831    .text               c_w.l(strcmpv7m_pel.o)
    0x08001660   0x0000000c   Code   RO         4878    .text               c_w.l(sys_exit.o)
    0x0800166c   0x00000002   Code   RO         4897    .text               c_w.l(use_no_semi.o)
    0x0800166e   0x00000000   Code   RO         4899    .text               c_w.l(indicate_semi.o)
    0x0800166e   0x0000003e   Code   RO         4775    CL$$btod_d2e        c_w.l(btod.o)
    0x080016ac   0x00000046   Code   RO         4777    CL$$btod_d2e_denorm_low  c_w.l(btod.o)
    0x080016f2   0x00000060   Code   RO         4776    CL$$btod_d2e_norm_op1  c_w.l(btod.o)
    0x08001752   0x00000338   Code   RO         4785    CL$$btod_div_common  c_w.l(btod.o)
    0x08001a8a   0x000000c6   Code   RO         4782    CL$$btod_e2e        c_w.l(btod.o)
    0x08001b50   0x00000028   Code   RO         4779    CL$$btod_ediv       c_w.l(btod.o)
    0x08001b78   0x00000028   Code   RO         4778    CL$$btod_emul       c_w.l(btod.o)
    0x08001ba0   0x00000244   Code   RO         4784    CL$$btod_mult_common  c_w.l(btod.o)
    0x08001de4   0x00000004   Code   RO         4499    i.BusFault_Handler  stm32h7xx_it.o
    0x08001de8   0x00000002   Code   RO         4500    i.DebugMon_Handler  stm32h7xx_it.o
    0x08001dea   0x00000004   Code   RO         4393    i.Error_Handler     sys.o
    0x08001dee   0x00000002   PAD
    0x08001df0   0x00000028   Code   RO           11    i.HAL_Delay         stm32h7xx_hal.o
    0x08001e18   0x00000208   Code   RO         1491    i.HAL_GPIO_Init     stm32h7xx_hal_gpio.o
    0x08002020   0x0000000c   Code   RO         1495    i.HAL_GPIO_WritePin  stm32h7xx_hal_gpio.o
    0x0800202c   0x0000000c   Code   RO           26    i.HAL_GetREVID      stm32h7xx_hal.o
    0x08002038   0x0000000c   Code   RO           27    i.HAL_GetTick       stm32h7xx_hal.o
    0x08002044   0x00000018   Code   RO           33    i.HAL_IncTick       stm32h7xx_hal.o
    0x0800205c   0x00000060   Code   RO           34    i.HAL_Init          stm32h7xx_hal.o
    0x080020bc   0x00000058   Code   RO           35    i.HAL_InitTick      stm32h7xx_hal.o
    0x08002114   0x00000024   Code   RO         4394    i.HAL_MspInit       sys.o
    0x08002138   0x0000007a   Code   RO          531    i.HAL_NVIC_SetPriority  stm32h7xx_hal_cortex.o
    0x080021b2   0x00000002   PAD
    0x080021b4   0x00000028   Code   RO          532    i.HAL_NVIC_SetPriorityGrouping  stm32h7xx_hal_cortex.o
    0x080021dc   0x00000060   Code   RO         2838    i.HAL_PWREx_ConfigSupply  stm32h7xx_hal_pwr_ex.o
    0x0800223c   0x00000024   Code   RO         3243    i.HAL_RCCEx_GetD3PCLK1Freq  stm32h7xx_hal_rcc_ex.o
    0x08002260   0x00000230   Code   RO         3245    i.HAL_RCCEx_GetPLL2ClockFreq  stm32h7xx_hal_rcc_ex.o
    0x08002490   0x00000230   Code   RO         3246    i.HAL_RCCEx_GetPLL3ClockFreq  stm32h7xx_hal_rcc_ex.o
    0x080026c0   0x00000b20   Code   RO         3252    i.HAL_RCCEx_PeriphCLKConfig  stm32h7xx_hal_rcc_ex.o
    0x080031e0   0x00000320   Code   RO         3128    i.HAL_RCC_ClockConfig  stm32h7xx_hal_rcc.o
    0x08003500   0x0000004c   Code   RO         3133    i.HAL_RCC_GetHCLKFreq  stm32h7xx_hal_rcc.o
    0x0800354c   0x00000024   Code   RO         3135    i.HAL_RCC_GetPCLK1Freq  stm32h7xx_hal_rcc.o
    0x08003570   0x00000024   Code   RO         3136    i.HAL_RCC_GetPCLK2Freq  stm32h7xx_hal_rcc.o
    0x08003594   0x0000022c   Code   RO         3137    i.HAL_RCC_GetSysClockFreq  stm32h7xx_hal_rcc.o
    0x080037c0   0x00000778   Code   RO         3140    i.HAL_RCC_OscConfig  stm32h7xx_hal_rcc.o
    0x08003f38   0x00000034   Code   RO          536    i.HAL_SYSTICK_Config  stm32h7xx_hal_cortex.o
    0x08003f6c   0x0000004e   Code   RO         4156    i.HAL_UARTEx_DisableFifoMode  stm32h7xx_hal_uart_ex.o
    0x08003fba   0x0000005e   Code   RO         4161    i.HAL_UARTEx_SetRxFifoThreshold  stm32h7xx_hal_uart_ex.o
    0x08004018   0x0000005e   Code   RO         4162    i.HAL_UARTEx_SetTxFifoThreshold  stm32h7xx_hal_uart_ex.o
    0x08004076   0x00000078   Code   RO         3783    i.HAL_UART_Init     stm32h7xx_hal_uart.o
    0x080040ee   0x00000002   PAD
    0x080040f0   0x00000080   Code   RO         4429    i.HAL_UART_MspInit  uart.o
    0x08004170   0x000000d4   Code   RO         3792    i.HAL_UART_Transmit  stm32h7xx_hal_uart.o
    0x08004244   0x00000004   Code   RO         4501    i.HardFault_Handler  stm32h7xx_it.o
    0x08004248   0x00000004   Code   RO         4502    i.MemManage_Handler  stm32h7xx_it.o
    0x0800424c   0x00000002   Code   RO         4503    i.NMI_Handler       stm32h7xx_it.o
    0x0800424e   0x00000002   Code   RO         4504    i.PendSV_Handler    stm32h7xx_it.o
    0x08004250   0x00000164   Code   RO         3255    i.RCCEx_PLL2_Config  stm32h7xx_hal_rcc_ex.o
    0x080043b4   0x00000164   Code   RO         3256    i.RCCEx_PLL3_Config  stm32h7xx_hal_rcc_ex.o
    0x08004518   0x00000002   Code   RO         4505    i.SVC_Handler       stm32h7xx_it.o
    0x0800451a   0x00000008   Code   RO         4506    i.SysTick_Handler   stm32h7xx_it.o
    0x08004522   0x00000002   PAD
    0x08004524   0x000000f0   Code   RO         4395    i.SystemClock_Config  sys.o
    0x08004614   0x000000a8   Code   RO         4575    i.SystemInit        system_stm32h7xx.o
    0x080046bc   0x00000070   Code   RO         4166    i.UARTEx_SetNbDataToProcess  stm32h7xx_hal_uart_ex.o
    0x0800472c   0x000000f8   Code   RO         3797    i.UART_AdvFeatureConfig  stm32h7xx_hal_uart.o
    0x08004824   0x00000074   Code   RO         3798    i.UART_CheckIdleState  stm32h7xx_hal_uart.o
    0x08004898   0x000016f0   Code   RO         3816    i.UART_SetConfig    stm32h7xx_hal_uart.o
    0x08005f88   0x000000be   Code   RO         3821    i.UART_WaitOnFlagUntilTimeout  stm32h7xx_hal_uart.o
    0x08006046   0x00000004   Code   RO         4507    i.UsageFault_Handler  stm32h7xx_it.o
    0x0800604a   0x00000030   Code   RO         4815    i.__ARM_fpclassify  m_wv.l(fpclassify.o)
    0x0800607a   0x00000002   PAD
    0x0800607c   0x00000010   Code   RO          538    i.__NVIC_GetPriorityGrouping  stm32h7xx_hal_cortex.o
    0x0800608c   0x00000028   Code   RO          539    i.__NVIC_SetPriority  stm32h7xx_hal_cortex.o
    0x080060b4   0x0000000e   Code   RO         4685    i._is_digit         c_w.l(__printf_wp.o)
    0x080060c2   0x00000010   Code   RO         4315    i.bsp_init          bsp.o
    0x080060d2   0x00000002   PAD
    0x080060d4   0x00000088   Code   RO         4357    i.led_init          led.o
    0x0800615c   0x0000001c   Code   RO         4358    i.led_off           led.o
    0x08006178   0x0000001c   Code   RO         4359    i.led_on            led.o
    0x08006194   0x00000048   Code   RO         4475    i.main              main.o
    0x080061dc   0x0000006c   Code   RO         4430    i.uart_init         uart.o
    0x08006248   0x0000003c   Code   RO         4431    i.print            uart.o
    0x08006284   0x0000002c   Code   RO         4798    locale$$code        c_w.l(lc_numeric_c.o)
    0x080062b0   0x0000002c   Code   RO         4825    locale$$code        c_w.l(lc_ctype_c.o)
    0x080062dc   0x0000000a   Code   RO         4893    x$fpl$fpinit        fz_wv.l(fpinit.o)
    0x080062e6   0x00000004   Code   RO         4718    x$fpl$printf1       fz_wv.l(printf1.o)
    0x080062ea   0x00000004   Code   RO         4720    x$fpl$printf2       fz_wv.l(printf2.o)
    0x080062ee   0x00000000   Code   RO         4814    x$fpl$usenofp       fz_wv.l(usenofp.o)
    0x080062ee   0x00000010   Data   RO         4576    .constdata          system_stm32h7xx.o
    0x080062fe   0x00000002   PAD
    0x08006300   0x00000008   Data   RO         4644    .constdata          c_w.l(_printf_wctomb.o)
    0x08006308   0x00000028   Data   RO         4673    .constdata          c_w.l(_printf_hex_int_ll_ptr.o)
    0x08006330   0x00000011   Data   RO         4693    .constdata          c_w.l(__printf_flags_ss_wp.o)
    0x08006341   0x00000026   Data   RO         4750    .constdata          c_w.l(_printf_fp_hex.o)
    0x08006367   0x00000001   PAD
    0x08006368   0x00000094   Data   RO         4773    .constdata          c_w.l(bigflt0.o)
    0x080063fc   0x00000020   Data   RO         4949    Region$$Table       anon$$obj.o
    0x0800641c   0x0000001c   Data   RO         4797    locale$$data        c_w.l(lc_numeric_c.o)
    0x08006438   0x00000110   Data   RO         4824    locale$$data        c_w.l(lc_ctype_c.o)


    Execution Region RW_IRAM1 (Base: 0x20000000, Size: 0x00000000, Max: 0x00020000, ABSOLUTE)

    **** No section assigned to this execution region ****


    Execution Region RW_IRAM2 (Base: 0x24000000, Size: 0x00000700, Max: 0x00080000, ABSOLUTE)

    Base Addr    Size         Type   Attr      Idx    E Section Name        Object

    0x24000000   0x00000009   Data   RW           56    .data               stm32h7xx_hal.o
    0x24000009   0x00000003   PAD
    0x2400000c   0x00000008   Data   RW         4577    .data               system_stm32h7xx.o
    0x24000014   0x0000008c   Zero   RW         4432    .bss                uart.o
    0x240000a0   0x00000060   Zero   RW         4818    .bss                c_w.l(libspace.o)
    0x24000100   0x00000200   Zero   RW         4306    HEAP                startup_stm32h750xx.o
    0x24000300   0x00000400   Zero   RW         4305    STACK               startup_stm32h750xx.o


==============================================================================

Image component sizes


      Code (inc. data)   RO Data    RW Data    ZI Data      Debug   Object Name

        16          0          0          0          0        499   bsp.o
       192         16          0          0          0       2078   led.o
        72         18          0          0          0        531   main.o
        64         26        664          0       1536        952   startup_stm32h750xx.o
       272         52          0          9          0    1243867   stm32h7xx_hal.o
       270         22          0          0          0      38842   stm32h7xx_hal_cortex.o
       532         52          0          0          0       2408   stm32h7xx_hal_gpio.o
        96          6          0          0          0        793   stm32h7xx_hal_pwr_ex.o
      3416        108          0          0          0       6924   stm32h7xx_hal_rcc.o
      4716        110          0          0          0       7257   stm32h7xx_hal_rcc_ex.o
      6758        142          0          0          0       9693   stm32h7xx_hal_uart.o
       378         18          0          0          0       3741   stm32h7xx_hal_uart_ex.o
        32          0          0          0          0       4302   stm32h7xx_it.o
       280         14          0          0          0       2131   sys.o
       168         22         16          8          0       1330   system_stm32h7xx.o
       296         28          0          0        140       3113   uart.o

    ----------------------------------------------------------------------
     17568        634        714         20       1676    1328461   Object Totals
         0          0         32          0          0          0   (incl. Generated)
        10          0          2          3          0          0   (incl. Padding)

    ----------------------------------------------------------------------

      Code (inc. data)   RO Data    RW Data    ZI Data      Debug   Library Member Name

         8          0          0          0          0         68   __main.o
       392          4         17          0          0         92   __printf_flags_ss_wp.o
        14          0          0          0          0         68   __printf_wp.o
         0          0          0          0          0          0   __rtentry.o
        12          0          0          0          0          0   __rtentry2.o
         6          0          0          0          0          0   __rtentry4.o
        52          8          0          0          0          0   __scatter.o
        26          0          0          0          0          0   __scatter_copy.o
        28          0          0          0          0          0   __scatter_zi.o
         6          0          0          0          0          0   _printf_a.o
         6          0          0          0          0          0   _printf_c.o
        44          0          0          0          0        108   _printf_char.o
        48          6          0          0          0         96   _printf_char_common.o
        40          0          0          0          0         68   _printf_charcount.o
         6          0          0          0          0          0   _printf_d.o
       120         16          0          0          0         92   _printf_dec.o
         6          0          0          0          0          0   _printf_e.o
         6          0          0          0          0          0   _printf_f.o
      1050          0          0          0          0        216   _printf_fp_dec.o
       764          8         38          0          0        100   _printf_fp_hex.o
       128         16          0          0          0         84   _printf_fp_infnan.o
         6          0          0          0          0          0   _printf_g.o
       148          4         40          0          0        160   _printf_hex_int_ll_ptr.o
         6          0          0          0          0          0   _printf_i.o
       178          0          0          0          0         88   _printf_intcommon.o
        10          0          0          0          0          0   _printf_l.o
         6          0          0          0          0          0   _printf_lc.o
        10          0          0          0          0          0   _printf_ll.o
         6          0          0          0          0          0   _printf_lld.o
         6          0          0          0          0          0   _printf_lli.o
         6          0          0          0          0          0   _printf_llo.o
         6          0          0          0          0          0   _printf_llu.o
         6          0          0          0          0          0   _printf_llx.o
       124         16          0          0          0         92   _printf_longlong_dec.o
         6          0          0          0          0          0   _printf_ls.o
         6          0          0          0          0          0   _printf_n.o
         6          0          0          0          0          0   _printf_o.o
       112         10          0          0          0        124   _printf_oct_int_ll.o
         6          0          0          0          0          0   _printf_p.o
        78          0          0          0          0        108   _printf_pad.o
         0          0          0          0          0          0   _printf_percent.o
         4          0          0          0          0          0   _printf_percent_end.o
         6          0          0          0          0          0   _printf_s.o
        82          0          0          0          0         80   _printf_str.o
        36          0          0          0          0         84   _printf_truncate.o
         6          0          0          0          0          0   _printf_u.o
        44          0          0          0          0        108   _printf_wchar.o
       188          6          8          0          0         92   _printf_wctomb.o
         6          0          0          0          0          0   _printf_x.o
        10          0          0          0          0         68   _sputc.o
        64          0          0          0          0         92   _wcrtomb.o
       220          4        148          0          0         96   bigflt0.o
      1910        128          0          0          0        672   btod.o
        18          0          0          0          0         80   exit.o
         6          0          0          0          0        152   heapauxi.o
         0          0          0          0          0          0   indicate_semi.o
        44         10        272          0          0         76   lc_ctype_c.o
        44         10         28          0          0         76   lc_numeric_c.o
         2          0          0          0          0          0   libinit.o
        34          0          0          0          0          0   libinit2.o
         2          0          0          0          0          0   libshutdown.o
         2          0          0          0          0          0   libshutdown2.o
         8          4          0          0         96         68   libspace.o
       138          0          0          0          0         80   lludiv10.o
       238          0          0          0          0        100   lludivv7m.o
        16          4          0          0          0         76   rt_ctype_table.o
         8          4          0          0          0         68   rt_locale_intlibspace.o
        78          0          0          0          0         80   rt_memclr_w.o
         2          0          0          0          0          0   rtexit.o
        10          0          0          0          0          0   rtexit2.o
       104          0          0          0          0         68   strcmpv7m_pel.o
        62          0          0          0          0         76   strlen.o
        12          4          0          0          0         68   sys_exit.o
        74          0          0          0          0         80   sys_stackheap_outer.o
         2          0          0          0          0         68   use_no_semi.o
        36          4          0          0          0         76   vsprintf.o
        10          0          0          0          0        116   fpinit.o
         4          0          0          0          0        116   printf1.o
         4          0          0          0          0        116   printf2.o
         0          0          0          0          0          0   usenofp.o
        48          0          0          0          0        124   fpclassify.o

    ----------------------------------------------------------------------
      7094        266        552          0         96       4620   Library Totals
        18          0          1          0          0          0   (incl. Padding)

    ----------------------------------------------------------------------

      Code (inc. data)   RO Data    RW Data    ZI Data      Debug   Library Name

      7010        266        551          0         96       4148   c_w.l
        18          0          0          0          0        348   fz_wv.l
        48          0          0          0          0        124   m_wv.l

    ----------------------------------------------------------------------
      7094        266        552          0         96       4620   Library Totals

    ----------------------------------------------------------------------

==============================================================================


      Code (inc. data)   RO Data    RW Data    ZI Data      Debug   

     24662        900       1266         20       1772    1325645   Grand Totals
     24662        900       1266         20       1772    1325645   ELF Image Totals
     24662        900       1266         20          0          0   ROM Totals

==============================================================================

    Total RO  Size (Code + RO Data)                25928 (  25.32kB)
    Total RW  Size (RW Data + ZI Data)              1792 (   1.75kB)
    Total ROM Size (Code + RO Data + RW Data)      25948 (  25.34kB)

==============================================================================

